Archive member included to satisfy reference by file (symbol)

d:/st/stm32cubeide_1.5.1/stm32cubeide/plugins/com.st.stm32cube.ide.mcu.externaltools.gnu-tools-for-stm32.9-2020-q2-update.win32_1.5.0.202011040924/tools/bin/../lib/gcc/arm-none-eabi/9.3.1/../../../../arm-none-eabi/lib/thumb/v7e-m+fp/hard\libc_nano.a(lib_a-errno.o)
                              Core/Src/syscalls.o (__errno)
d:/st/stm32cubeide_1.5.1/stm32cubeide/plugins/com.st.stm32cube.ide.mcu.externaltools.gnu-tools-for-stm32.9-2020-q2-update.win32_1.5.0.202011040924/tools/bin/../lib/gcc/arm-none-eabi/9.3.1/../../../../arm-none-eabi/lib/thumb/v7e-m+fp/hard\libc_nano.a(lib_a-exit.o)
                              d:/st/stm32cubeide_1.5.1/stm32cubeide/plugins/com.st.stm32cube.ide.mcu.externaltools.gnu-tools-for-stm32.9-2020-q2-update.win32_1.5.0.202011040924/tools/bin/../lib/gcc/arm-none-eabi/9.3.1/../../../../arm-none-eabi/lib/thumb/v7e-m+fp/hard/crt0.o (exit)
d:/st/stm32cubeide_1.5.1/stm32cubeide/plugins/com.st.stm32cube.ide.mcu.externaltools.gnu-tools-for-stm32.9-2020-q2-update.win32_1.5.0.202011040924/tools/bin/../lib/gcc/arm-none-eabi/9.3.1/../../../../arm-none-eabi/lib/thumb/v7e-m+fp/hard\libc_nano.a(lib_a-impure.o)
                              d:/st/stm32cubeide_1.5.1/stm32cubeide/plugins/com.st.stm32cube.ide.mcu.externaltools.gnu-tools-for-stm32.9-2020-q2-update.win32_1.5.0.202011040924/tools/bin/../lib/gcc/arm-none-eabi/9.3.1/../../../../arm-none-eabi/lib/thumb/v7e-m+fp/hard\libc_nano.a(lib_a-exit.o) (_global_impure_ptr)
d:/st/stm32cubeide_1.5.1/stm32cubeide/plugins/com.st.stm32cube.ide.mcu.externaltools.gnu-tools-for-stm32.9-2020-q2-update.win32_1.5.0.202011040924/tools/bin/../lib/gcc/arm-none-eabi/9.3.1/../../../../arm-none-eabi/lib/thumb/v7e-m+fp/hard\libc_nano.a(lib_a-init.o)
                              d:/st/stm32cubeide_1.5.1/stm32cubeide/plugins/com.st.stm32cube.ide.mcu.externaltools.gnu-tools-for-stm32.9-2020-q2-update.win32_1.5.0.202011040924/tools/bin/../lib/gcc/arm-none-eabi/9.3.1/../../../../arm-none-eabi/lib/thumb/v7e-m+fp/hard/crt0.o (__libc_init_array)
d:/st/stm32cubeide_1.5.1/stm32cubeide/plugins/com.st.stm32cube.ide.mcu.externaltools.gnu-tools-for-stm32.9-2020-q2-update.win32_1.5.0.202011040924/tools/bin/../lib/gcc/arm-none-eabi/9.3.1/../../../../arm-none-eabi/lib/thumb/v7e-m+fp/hard\libc_nano.a(lib_a-memset.o)
                              d:/st/stm32cubeide_1.5.1/stm32cubeide/plugins/com.st.stm32cube.ide.mcu.externaltools.gnu-tools-for-stm32.9-2020-q2-update.win32_1.5.0.202011040924/tools/bin/../lib/gcc/arm-none-eabi/9.3.1/../../../../arm-none-eabi/lib/thumb/v7e-m+fp/hard/crt0.o (memset)
d:/st/stm32cubeide_1.5.1/stm32cubeide/plugins/com.st.stm32cube.ide.mcu.externaltools.gnu-tools-for-stm32.9-2020-q2-update.win32_1.5.0.202011040924/tools/bin/../lib/gcc/arm-none-eabi/9.3.1/../../../../arm-none-eabi/lib/thumb/v7e-m+fp/hard\libc_nano.a(lib_a-sprintf.o)
                              Core/Src/main.o (sprintf)
d:/st/stm32cubeide_1.5.1/stm32cubeide/plugins/com.st.stm32cube.ide.mcu.externaltools.gnu-tools-for-stm32.9-2020-q2-update.win32_1.5.0.202011040924/tools/bin/../lib/gcc/arm-none-eabi/9.3.1/../../../../arm-none-eabi/lib/thumb/v7e-m+fp/hard\libc_nano.a(lib_a-strlen.o)
                              Core/Src/UartRingbuffer.o (strlen)
d:/st/stm32cubeide_1.5.1/stm32cubeide/plugins/com.st.stm32cube.ide.mcu.externaltools.gnu-tools-for-stm32.9-2020-q2-update.win32_1.5.0.202011040924/tools/bin/../lib/gcc/arm-none-eabi/9.3.1/../../../../arm-none-eabi/lib/thumb/v7e-m+fp/hard\libc_nano.a(lib_a-nano-svfprintf.o)
                              d:/st/stm32cubeide_1.5.1/stm32cubeide/plugins/com.st.stm32cube.ide.mcu.externaltools.gnu-tools-for-stm32.9-2020-q2-update.win32_1.5.0.202011040924/tools/bin/../lib/gcc/arm-none-eabi/9.3.1/../../../../arm-none-eabi/lib/thumb/v7e-m+fp/hard\libc_nano.a(lib_a-sprintf.o) (_svfprintf_r)
d:/st/stm32cubeide_1.5.1/stm32cubeide/plugins/com.st.stm32cube.ide.mcu.externaltools.gnu-tools-for-stm32.9-2020-q2-update.win32_1.5.0.202011040924/tools/bin/../lib/gcc/arm-none-eabi/9.3.1/../../../../arm-none-eabi/lib/thumb/v7e-m+fp/hard\libc_nano.a(lib_a-nano-vfprintf_i.o)
                              d:/st/stm32cubeide_1.5.1/stm32cubeide/plugins/com.st.stm32cube.ide.mcu.externaltools.gnu-tools-for-stm32.9-2020-q2-update.win32_1.5.0.202011040924/tools/bin/../lib/gcc/arm-none-eabi/9.3.1/../../../../arm-none-eabi/lib/thumb/v7e-m+fp/hard\libc_nano.a(lib_a-nano-svfprintf.o) (_printf_i)
d:/st/stm32cubeide_1.5.1/stm32cubeide/plugins/com.st.stm32cube.ide.mcu.externaltools.gnu-tools-for-stm32.9-2020-q2-update.win32_1.5.0.202011040924/tools/bin/../lib/gcc/arm-none-eabi/9.3.1/../../../../arm-none-eabi/lib/thumb/v7e-m+fp/hard\libc_nano.a(lib_a-memchr.o)
[...]
Memory Configuration

Name             Origin             Length             Attributes
RAM              0x0000000020000000 0x0000000000010000 xrw
FLASH            0x0000000008000000 0x0000000000040000 xr
*default*        0x0000000000000000 0xffffffffffffffff

Linker script and memory map

LOAD d:/st/stm32cubeide_1.5.1/stm32cubeide/plugins/com.st.stm32cube.ide.mcu.externaltools.gnu-tools-for-stm32.9-2020-q2-update.win32_1.5.0.202011040924/tools/bin/../lib/gcc/arm-none-eabi/9.3.1/thumb/v7e-m+fp/hard/crti.o
LOAD d:/st/stm32cubeide_1.5.1/stm32cubeide/plugins/com.st.stm32cube.ide.mcu.externaltools.gnu-tools-for-stm32.9-2020-q2-update.win32_1.5.0.202011040924/tools/bin/../lib/gcc/arm-none-eabi/9.3.1/thumb/v7e-m+fp/hard/crtbegin.o
LOAD d:/st/stm32cubeide_1.5.1/stm32cubeide/plugins/com.st.stm32cube.ide.mcu.externaltools.gnu-tools-for-stm32.9-2020-q2-update.win32_1.5.0.202011040924/tools/bin/../lib/gcc/arm-none-eabi/9.3.1/../../../../arm-none-eabi/lib/thumb/v7e-m+fp/hard/crt0.o
LOAD Core/Src/UartRingbuffer.o
LOAD Core/Src/ee24.o
LOAD Core/Src/input.o
LOAD Core/Src/main.o
LOAD Core/Src/midi.o
LOAD Core/Src/sounds.o
LOAD Core/Src/stm32f4xx_hal_msp.o
LOAD Core/Src/stm32f4xx_it.o
LOAD Core/Src/syscalls.o
LOAD Core/Src/sysmem.o
LOAD Core/Src/system_stm32f4xx.o
LOAD Core/Src/tm_stm32_hd44780.o
LOAD Core/Src/tm_stm32f4_keypad.o
LOAD Core/Startup/startup_stm32f401ccux.o
LOAD Drivers/STM32F4xx_HAL_Driver/Src/stm32f4xx_hal.o
LOAD Drivers/STM32F4xx_HAL_Driver/Src/stm32f4xx_hal_adc.o
LOAD Drivers/STM32F4xx_HAL_Driver/Src/stm32f4xx_hal_adc_ex.o
LOAD Drivers/STM32F4xx_HAL_Driver/Src/stm32f4xx_hal_cortex.o
LOAD Drivers/STM32F4xx_HAL_Driver/Src/stm32f4xx_hal_dma.o
LOAD Drivers/STM32F4xx_HAL_Driver/Src/stm32f4xx_hal_dma_ex.o
LOAD Drivers/STM32F4xx_HAL_Driver/Src/stm32f4xx_hal_exti.o
LOAD Drivers/STM32F4xx_HAL_Driver/Src/stm32f4xx_hal_flash.o
LOAD Drivers/STM32F4xx_HAL_Driver/Src/stm32f4xx_hal_flash_ex.o
LOAD Drivers/STM32F4xx_HAL_Driver/Src/stm32f4xx_hal_flash_ramfunc.o
LOAD Drivers/STM32F4xx_HAL_Driver/Src/stm32f4xx_hal_gpio.o
LOAD Drivers/STM32F4xx_HAL_Driver/Src/stm32f4xx_hal_i2c.o
LOAD Drivers/STM32F4xx_HAL_Driver/Src/stm32f4xx_hal_i2c_ex.o
LOAD Drivers/STM32F4xx_HAL_Driver/Src/stm32f4xx_hal_pwr.o
LOAD Drivers/STM32F4xx_HAL_Driver/Src/stm32f4xx_hal_pwr_ex.o
LOAD Drivers/STM32F4xx_HAL_Driver/Src/stm32f4xx_hal_rcc.o
LOAD Drivers/STM32F4xx_HAL_Driver/Src/stm32f4xx_hal_rcc_ex.o
LOAD Drivers/STM32F4xx_HAL_Driver/Src/stm32f4xx_hal_tim.o
LOAD Drivers/STM32F4xx_HAL_Driver/Src/stm32f4xx_hal_tim_ex.o
LOAD Drivers/STM32F4xx_HAL_Driver/Src/stm32f4xx_hal_uart.o
LOAD Drivers/STM32F4xx_HAL_Driver/Src/stm32f4xx_ll_adc.o
START GROUP
LOAD d:/st/stm32cubeide_1.5.1/stm32cubeide/plugins/com.st.stm32cube.ide.mcu.externaltools.gnu-tools-for-stm32.9-2020-q2-update.win32_1.5.0.202011040924/tools/bin/../lib/gcc/arm-none-eabi/9.3.1/../../../../arm-none-eabi/lib/thumb/v7e-m+fp/hard\libc_nano.a
LOAD d:/st/stm32cubeide_1.5.1/stm32cubeide/plugins/com.st.stm32cube.ide.mcu.externaltools.gnu-tools-for-stm32.9-2020-q2-update.win32_1.5.0.202011040924/tools/bin/../lib/gcc/arm-none-eabi/9.3.1/../../../../arm-none-eabi/lib/thumb/v7e-m+fp/hard\libm.a
END GROUP
START GROUP
LOAD d:/st/stm32cubeide_1.5.1/stm32cubeide/plugins/com.st.stm32cube.ide.mcu.externaltools.gnu-tools-for-stm32.9-2020-q2-update.win32_1.5.0.202011040924/tools/bin/../lib/gcc/arm-none-eabi/9.3.1/thumb/v7e-m+fp/hard\libgcc.a
LOAD d:/st/stm32cubeide_1.5.1/stm32cubeide/plugins/com.st.stm32cube.ide.mcu.externaltools.gnu-tools-for-stm32.9-2020-q2-update.win32_1.5.0.202011040924/tools/bin/../lib/gcc/arm-none-eabi/9.3.1/../../../../arm-none-eabi/lib/thumb/v7e-m+fp/hard\libc_nano.a
END GROUP
START GROUP
LOAD d:/st/stm32cubeide_1.5.1/stm32cubeide/plugins/com.st.stm32cube.ide.mcu.externaltools.gnu-tools-for-stm32.9-2020-q2-update.win32_1.5.0.202011040924/tools/bin/../lib/gcc/arm-none-eabi/9.3.1/thumb/v7e-m+fp/hard\libgcc.a
LOAD d:/st/stm32cubeide_1.5.1/stm32cubeide/plugins/com.st.stm32cube.ide.mcu.externaltools.gnu-tools-for-stm32.9-2020-q2-update.win32_1.5.0.202011040924/tools/bin/../lib/gcc/arm-none-eabi/9.3.1/../../../../arm-none-eabi/lib/thumb/v7e-m+fp/hard\libc_nano.a
LOAD d:/st/stm32cubeide_1.5.1/stm32cubeide/plugins/com.st.stm32cube.ide.mcu.externaltools.gnu-tools-for-stm32.9-2020-q2-update.win32_1.5.0.202011040924/tools/bin/../lib/gcc/arm-none-eabi/9.3.1/../../../../arm-none-eabi/lib/thumb/v7e-m+fp/hard\libnosys.a
END GROUP
START GROUP
LOAD d:/st/stm32cubeide_1.5.1/stm32cubeide/plugins/com.st.stm32cube.ide.mcu.externaltools.gnu-tools-for-stm32.9-2020-q2-update.win32_1.5.0.202011040924/tools/bin/../lib/gcc/arm-none-eabi/9.3.1/thumb/v7e-m+fp/hard\libgcc.a
LOAD d:/st/stm32cubeide_1.5.1/stm32cubeide/plugins/com.st.stm32cube.ide.mcu.externaltools.gnu-tools-for-stm32.9-2020-q2-update.win32_1.5.0.202011040924/tools/bin/../lib/gcc/arm-none-eabi/9.3.1/../../../../arm-none-eabi/lib/thumb/v7e-m+fp/hard\libc_nano.a
LOAD d:/st/stm32cubeide_1.5.1/stm32cubeide/plugins/com.st.stm32cube.ide.mcu.externaltools.gnu-tools-for-stm32.9-2020-q2-update.win32_1.5.0.202011040924/tools/bin/../lib/gcc/arm-none-eabi/9.3.1/../../../../arm-none-eabi/lib/thumb/v7e-m+fp/hard\libnosys.a
END GROUP
LOAD d:/st/stm32cubeide_1.5.1/stm32cubeide/plugins/com.st.stm32cube.ide.mcu.externaltools.gnu-tools-for-stm32.9-2020-q2-update.win32_1.5.0.202011040924/tools/bin/../lib/gcc/arm-none-eabi/9.3.1/thumb/v7e-m+fp/hard/crtend.o
LOAD d:/st/stm32cubeide_1.5.1/stm32cubeide/plugins/com.st.stm32cube.ide.mcu.externaltools.gnu-tools-for-stm32.9-2020-q2-update.win32_1.5.0.202011040924/tools/bin/../lib/gcc/arm-none-eabi/9.3.1/thumb/v7e-m+fp/hard/crtn.o
                0x0000000020010000                _estack = (ORIGIN (RAM) + LENGTH (RAM))
                0x0000000000000200                _Min_Heap_Size = 0x200
                0x0000000000000400                _Min_Stack_Size = 0x400

.isr_vector     0x0000000008000000      0x194
                0x0000000008000000                . = ALIGN (0x4)
 *(.isr_vector)
 .isr_vector    0x0000000008000000      0x194 Core/Startup/startup_stm32f401ccux.o
                0x0000000008000000                g_pfnVectors
                0x0000000008000194                . = ALIGN (0x4)

.text           0x00000000080001a0     0x64d0
                0x00000000080001a0                . = ALIGN (0x4)
 *(.text)
 .text          0x00000000080001a0       0x40 d:/st/stm32cubeide_1.5.1/stm32cubeide/plugins/com.st.stm32cube.ide.mcu.externaltools.gnu-tools-for-stm32.9-2020-q2-update.win32_1.5.0.202011040924/tools/bin/../lib/gcc/arm-none-eabi/9.3.1/thumb/v7e-m+fp/hard/crtbegin.o
 .text          0x00000000080001e0       0xa0 d:/st/stm32cubeide_1.5.1/stm32cubeide/plugins/com.st.stm32cube.ide.mcu.externaltools.gnu-tools-for-stm32.9-2020-q2-update.win32_1.5.0.202011040924/tools/bin/../lib/gcc/arm-none-eabi/9.3.1/../../../../arm-none-eabi/lib/thumb/v7e-m+fp/hard\libc_nano.a(lib_a-memchr.o)
                0x00000000080001e0                memchr
 .text          0x0000000008000280       0x30 d:/st/stm32cubeide_1.5.1/stm32cubeide/plugins/com.st.stm32cube.ide.mcu.externaltools.gnu-tools-for-stm32.9-2020-q2-update.win32_1.5.0.202011040924/tools/bin/../lib/gcc/arm-none-eabi/9.3.1/thumb/v7e-m+fp/hard\libgcc.a(_aeabi_uldivmod.o)
                0x0000000008000280                __aeabi_uldivmod
 .text          0x00000000080002b0      0x2c4 d:/st/stm32cubeide_1.5.1/stm32cubeide/plugins/com.st.stm32cube.ide.mcu.externaltools.gnu-tools-for-stm32.9-2020-q2-update.win32_1.5.0.202011040924/tools/bin/../lib/gcc/arm-none-eabi/9.3.1/thumb/v7e-m+fp/hard\libgcc.a(_udivmoddi4.o)
                0x00000000080002b0                __udivmoddi4
 .text          0x0000000008000574        0x4 d:/st/stm32cubeide_1.5.1/stm32cubeide/plugins/com.st.stm32cube.ide.mcu.externaltools.gnu-tools-for-stm32.9-2020-q2-update.win32_1.5.0.202011040924/tools/bin/../lib/gcc/arm-none-eabi/9.3.1/thumb/v7e-m+fp/hard\libgcc.a(_dvmd_tls.o)
                0x0000000008000574                __aeabi_idiv0
                0x0000000008000574                __aeabi_ldiv0
 *(.text*)
 .text.Ringbuf_init
                0x0000000008000578       0x50 Core/Src/UartRingbuffer.o
                0x0000000008000578                Ringbuf_init
 .text.store_char
                0x00000000080005c8       0x3e Core/Src/UartRingbuffer.o
                0x00000000080005c8                store_char
 *fill*         0x0000000008000606        0x2 
 .text.Uart_read
                0x0000000008000608       0x50 Core/Src/UartRingbuffer.o
                0x0000000008000608                Uart_read
 .text.Uart_write
                0x0000000008000658       0x68 Core/Src/UartRingbuffer.o
                0x0000000008000658                Uart_write
 .text.IsDataAvailable
                0x00000000080006c0       0x30 Core/Src/UartRingbuffer.o
                0x00000000080006c0                IsDataAvailable
 .text.Uart_isr
                0x00000000080006f0       0xb4 Core/Src/UartRingbuffer.o
                0x00000000080006f0                Uart_isr
 .text.ee24_isConnected
                0x00000000080007a4       0x24 Core/Src/ee24.o
                0x00000000080007a4                ee24_isConnected
 .text.ee24_read
                0x00000000080007c8       0x7c Core/Src/ee24.o
                0x00000000080007c8                ee24_read
 .text.initControls
                0x0000000008000844       0x6c Core/Src/input.o
                0x0000000008000844                initControls
 .text.joystickPressed
                0x00000000080008b0       0xac Core/Src/input.o
                0x00000000080008b0                joystickPressed
 .text.encoderChanged
                0x000000000800095c       0x8c Core/Src/input.o
                0x000000000800095c                encoderChanged
 .text.ADC_SetActiveChannel
                0x00000000080009e8       0x42 Core/Src/input.o
 *fill*         0x0000000008000a2a        0x2 
 .text.main     0x0000000008000a2c      0x1ec Core/Src/main.o
                0x0000000008000a2c                main
 .text.SystemClock_Config
                0x0000000008000c18       0xd4 Core/Src/main.o
                0x0000000008000c18                SystemClock_Config
 .text.MX_ADC1_Init
                0x0000000008000cec       0xa8 Core/Src/main.o
 .text.MX_I2C1_Init
                0x0000000008000d94       0x5c Core/Src/main.o
 .text.MX_TIM1_Init
                0x0000000008000df0       0xb0 Core/Src/main.o
 .text.MX_TIM2_Init
                0x0000000008000ea0       0xec Core/Src/main.o
 .text.MX_USART6_UART_Init
                0x0000000008000f8c       0x54 Core/Src/main.o
 .text.MX_DMA_Init
                0x0000000008000fe0       0x34 Core/Src/main.o
 .text.MX_GPIO_Init
                0x0000000008001014      0x164 Core/Src/main.o
 .text.Error_Handler
                0x0000000008001178        0xa Core/Src/main.o
                0x0000000008001178                Error_Handler
 *fill*         0x0000000008001182        0x2 
 .text.readMidiMessage
                0x0000000008001184      0x130 Core/Src/midi.o
                0x0000000008001184                readMidiMessage
 .text.sendMidiMessage
                0x00000000080012b4       0x3c Core/Src/midi.o
                0x00000000080012b4                sendMidiMessage
 .text.commandLen
                0x00000000080012f0      0x220 Core/Src/midi.o
                0x00000000080012f0                commandLen
 .text.HAL_MspInit
                0x0000000008001510       0x50 Core/Src/stm32f4xx_hal_msp.o
                0x0000000008001510                HAL_MspInit
 .text.HAL_ADC_MspInit
                0x0000000008001560       0x88 Core/Src/stm32f4xx_hal_msp.o
                0x0000000008001560                HAL_ADC_MspInit
 .text.HAL_I2C_MspInit
                0x00000000080015e8       0x90 Core/Src/stm32f4xx_hal_msp.o
                0x00000000080015e8                HAL_I2C_MspInit
 .text.HAL_TIM_Encoder_MspInit
                0x0000000008001678       0x90 Core/Src/stm32f4xx_hal_msp.o
                0x0000000008001678                HAL_TIM_Encoder_MspInit
 .text.HAL_TIM_Base_MspInit
                0x0000000008001708       0x4c Core/Src/stm32f4xx_hal_msp.o
                0x0000000008001708                HAL_TIM_Base_MspInit
 .text.HAL_TIM_MspPostInit
                0x0000000008001754       0x70 Core/Src/stm32f4xx_hal_msp.o
                0x0000000008001754                HAL_TIM_MspPostInit
 .text.HAL_UART_MspInit
                0x00000000080017c4      0x108 Core/Src/stm32f4xx_hal_msp.o
                0x00000000080017c4                HAL_UART_MspInit
 .text.NMI_Handler
                0x00000000080018cc        0x6 Core/Src/stm32f4xx_it.o
                0x00000000080018cc                NMI_Handler
 .text.HardFault_Handler
                0x00000000080018d2        0x6 Core/Src/stm32f4xx_it.o
                0x00000000080018d2                HardFault_Handler
 .text.MemManage_Handler
                0x00000000080018d8        0x6 Core/Src/stm32f4xx_it.o
                0x00000000080018d8                MemManage_Handler
 .text.BusFault_Handler
                0x00000000080018de        0x6 Core/Src/stm32f4xx_it.o
                0x00000000080018de                BusFault_Handler
 .text.UsageFault_Handler
                0x00000000080018e4        0x6 Core/Src/stm32f4xx_it.o
                0x00000000080018e4                UsageFault_Handler
 .text.SVC_Handler
                0x00000000080018ea        0xe Core/Src/stm32f4xx_it.o
                0x00000000080018ea                SVC_Handler
 .text.DebugMon_Handler
                0x00000000080018f8        0xe Core/Src/stm32f4xx_it.o
                0x00000000080018f8                DebugMon_Handler
 .text.PendSV_Handler
                0x0000000008001906        0xe Core/Src/stm32f4xx_it.o
                0x0000000008001906                PendSV_Handler
 .text.SysTick_Handler
                0x0000000008001914        0xc Core/Src/stm32f4xx_it.o
                0x0000000008001914                SysTick_Handler
 .text.TIM2_IRQHandler
                0x0000000008001920       0x18 Core/Src/stm32f4xx_it.o
                0x0000000008001920                TIM2_IRQHandler
 .text.USART6_IRQHandler
                0x0000000008001938       0x14 Core/Src/stm32f4xx_it.o
                0x0000000008001938                USART6_IRQHandler
 .text._sbrk    0x000000000800194c       0x6c Core/Src/sysmem.o
                0x000000000800194c                _sbrk
 .text.SystemInit
                0x00000000080019b8       0x24 Core/Src/system_stm32f4xx.o
                0x00000000080019b8                SystemInit
 .text.ShortDelayUS
                0x00000000080019dc       0x16 Core/Src/tm_stm32_hd44780.o
                0x00000000080019dc                ShortDelayUS
 *fill*         0x00000000080019f2        0x2 
 .text.DelayUS  0x00000000080019f4       0x48 Core/Src/tm_stm32_hd44780.o
 .text.TM_HD44780_Init
                0x0000000008001a3c       0xcc Core/Src/tm_stm32_hd44780.o
                0x0000000008001a3c                TM_HD44780_Init
 .text.TM_HD44780_Clear
                0x0000000008001b08       0x16 Core/Src/tm_stm32_hd44780.o
                0x0000000008001b08                TM_HD44780_Clear
 *fill*         0x0000000008001b1e        0x2 
 .text.TM_HD44780_Puts
                0x0000000008001b20       0xbc Core/Src/tm_stm32_hd44780.o
                0x0000000008001b20                TM_HD44780_Puts
 .text.TM_HD44780_DisplayOn
                0x0000000008001bdc       0x2c Core/Src/tm_stm32_hd44780.o
                0x0000000008001bdc                TM_HD44780_DisplayOn
 .text.TM_HD44780_Cmd
                0x0000000008001c08       0x3c Core/Src/tm_stm32_hd44780.o
 .text.TM_HD44780_Data
                0x0000000008001c44       0x3c Core/Src/tm_stm32_hd44780.o
 .text.TM_HD44780_Cmd4bit
                0x0000000008001c80       0xa4 Core/Src/tm_stm32_hd44780.o
 .text.TM_HD44780_CursorSet
                0x0000000008001d24       0x60 Core/Src/tm_stm32_hd44780.o
 .text.TM_HD44780_InitPins
                0x0000000008001d84       0x4c Core/Src/tm_stm32_hd44780.o
 .text.TM_KEYPAD_Init
                0x0000000008001dd0        0xe Core/Src/tm_stm32f4_keypad.o
                0x0000000008001dd0                TM_KEYPAD_Init
 *fill*         0x0000000008001dde        0x2 
 .text.TM_KEYPAD_Read
                0x0000000008001de0       0x24 Core/Src/tm_stm32f4_keypad.o
                0x0000000008001de0                TM_KEYPAD_Read
 .text.TM_KEYPAD_INT_SetColumn
                0x0000000008001e04       0x80 Core/Src/tm_stm32f4_keypad.o
                0x0000000008001e04                TM_KEYPAD_INT_SetColumn
 .text.TM_KEYPAD_INT_CheckRow
                0x0000000008001e84       0x90 Core/Src/tm_stm32f4_keypad.o
                0x0000000008001e84                TM_KEYPAD_INT_CheckRow
 .text.TM_KEYPAD_INT_Read
                0x0000000008001f14       0x78 Core/Src/tm_stm32f4_keypad.o
                0x0000000008001f14                TM_KEYPAD_INT_Read
 .text.TM_KEYPAD_Update
                0x0000000008001f8c       0x40 Core/Src/tm_stm32f4_keypad.o
                0x0000000008001f8c                TM_KEYPAD_Update
 .text.Reset_Handler
                0x0000000008001fcc       0x50 Core/Startup/startup_stm32f401ccux.o
                0x0000000008001fcc                Reset_Handler
 .text.Default_Handler
                0x000000000800201c        0x2 Core/Startup/startup_stm32f401ccux.o
                0x000000000800201c                RTC_Alarm_IRQHandler
                0x000000000800201c                EXTI2_IRQHandler
                0x000000000800201c                SPI4_IRQHandler
                0x000000000800201c                TIM1_CC_IRQHandler
                0x000000000800201c                DMA2_Stream5_IRQHandler
                0x000000000800201c                DMA1_Stream5_IRQHandler
                0x000000000800201c                PVD_IRQHandler
                0x000000000800201c                SDIO_IRQHandler
                0x000000000800201c                TAMP_STAMP_IRQHandler
                0x000000000800201c                EXTI3_IRQHandler
                0x000000000800201c                TIM1_UP_TIM10_IRQHandler
                0x000000000800201c                I2C3_ER_IRQHandler
                0x000000000800201c                EXTI0_IRQHandler
                0x000000000800201c                I2C2_EV_IRQHandler
                0x000000000800201c                DMA1_Stream2_IRQHandler
                0x000000000800201c                FPU_IRQHandler
                0x000000000800201c                DMA2_Stream2_IRQHandler
                0x000000000800201c                SPI1_IRQHandler
                0x000000000800201c                TIM1_BRK_TIM9_IRQHandler
                0x000000000800201c                DMA2_Stream3_IRQHandler
                0x000000000800201c                DMA2_Stream0_IRQHandler
                0x000000000800201c                TIM4_IRQHandler
                0x000000000800201c                I2C1_EV_IRQHandler
                0x000000000800201c                DMA1_Stream6_IRQHandler
                0x000000000800201c                DMA1_Stream1_IRQHandler
                0x000000000800201c                TIM3_IRQHandler
                0x000000000800201c                RCC_IRQHandler
                0x000000000800201c                Default_Handler
                0x000000000800201c                EXTI15_10_IRQHandler
                0x000000000800201c                ADC_IRQHandler
                0x000000000800201c                DMA1_Stream7_IRQHandler
                0x000000000800201c                TIM5_IRQHandler
                0x000000000800201c                DMA2_Stream7_IRQHandler
                0x000000000800201c                I2C3_EV_IRQHandler
                0x000000000800201c                EXTI9_5_IRQHandler
                0x000000000800201c                RTC_WKUP_IRQHandler
                0x000000000800201c                SPI2_IRQHandler
                0x000000000800201c                DMA1_Stream0_IRQHandler
                0x000000000800201c                EXTI4_IRQHandler
                0x000000000800201c                WWDG_IRQHandler
                0x000000000800201c                OTG_FS_WKUP_IRQHandler
                0x000000000800201c                TIM1_TRG_COM_TIM11_IRQHandler
                0x000000000800201c                EXTI1_IRQHandler
                0x000000000800201c                USART2_IRQHandler
                0x000000000800201c                I2C2_ER_IRQHandler
                0x000000000800201c                DMA2_Stream1_IRQHandler
                0x000000000800201c                FLASH_IRQHandler
                0x000000000800201c                DMA2_Stream4_IRQHandler
                0x000000000800201c                USART1_IRQHandler
                0x000000000800201c                OTG_FS_IRQHandler
                0x000000000800201c                SPI3_IRQHandler
                0x000000000800201c                DMA1_Stream4_IRQHandler
                0x000000000800201c                I2C1_ER_IRQHandler
                0x000000000800201c                DMA2_Stream6_IRQHandler
                0x000000000800201c                DMA1_Stream3_IRQHandler
 *fill*         0x000000000800201e        0x2 
 .text.HAL_Init
                0x0000000008002020       0x44 Drivers/STM32F4xx_HAL_Driver/Src/stm32f4xx_hal.o
                0x0000000008002020                HAL_Init
 .text.HAL_InitTick
                0x0000000008002064       0x60 Drivers/STM32F4xx_HAL_Driver/Src/stm32f4xx_hal.o
                0x0000000008002064                HAL_InitTick
 .text.HAL_IncTick
                0x00000000080020c4       0x28 Drivers/STM32F4xx_HAL_Driver/Src/stm32f4xx_hal.o
                0x00000000080020c4                HAL_IncTick
 .text.HAL_GetTick
                0x00000000080020ec       0x18 Drivers/STM32F4xx_HAL_Driver/Src/stm32f4xx_hal.o
                0x00000000080020ec                HAL_GetTick
 .text.HAL_ADC_Init
                0x0000000008002104       0x86 Drivers/STM32F4xx_HAL_Driver/Src/stm32f4xx_hal_adc.o
                0x0000000008002104                HAL_ADC_Init
 *fill*         0x000000000800218a        0x2 
 .text.HAL_ADC_Start
                0x000000000800218c      0x168 Drivers/STM32F4xx_HAL_Driver/Src/stm32f4xx_hal_adc.o
                0x000000000800218c                HAL_ADC_Start
 .text.HAL_ADC_PollForConversion
                0x00000000080022f4      0x116 Drivers/STM32F4xx_HAL_Driver/Src/stm32f4xx_hal_adc.o
                0x00000000080022f4                HAL_ADC_PollForConversion
 .text.HAL_ADC_GetValue
                0x000000000800240a       0x1a Drivers/STM32F4xx_HAL_Driver/Src/stm32f4xx_hal_adc.o
                0x000000000800240a                HAL_ADC_GetValue
 .text.HAL_ADC_ConfigChannel
                0x0000000008002424      0x244 Drivers/STM32F4xx_HAL_Driver/Src/stm32f4xx_hal_adc.o
                0x0000000008002424                HAL_ADC_ConfigChannel
 .text.ADC_Init
                0x0000000008002668      0x1f8 Drivers/STM32F4xx_HAL_Driver/Src/stm32f4xx_hal_adc.o
 .text.__NVIC_SetPriorityGrouping
                0x0000000008002860       0x48 Drivers/STM32F4xx_HAL_Driver/Src/stm32f4xx_hal_cortex.o
 .text.__NVIC_GetPriorityGrouping
                0x00000000080028a8       0x1c Drivers/STM32F4xx_HAL_Driver/Src/stm32f4xx_hal_cortex.o
 .text.__NVIC_EnableIRQ
                0x00000000080028c4       0x3c Drivers/STM32F4xx_HAL_Driver/Src/stm32f4xx_hal_cortex.o
 .text.__NVIC_SetPriority
                0x0000000008002900       0x54 Drivers/STM32F4xx_HAL_Driver/Src/stm32f4xx_hal_cortex.o
 .text.NVIC_EncodePriority
                0x0000000008002954       0x66 Drivers/STM32F4xx_HAL_Driver/Src/stm32f4xx_hal_cortex.o
 *fill*         0x00000000080029ba        0x2 
 .text.SysTick_Config
                0x00000000080029bc       0x44 Drivers/STM32F4xx_HAL_Driver/Src/stm32f4xx_hal_cortex.o
 .text.HAL_NVIC_SetPriorityGrouping
                0x0000000008002a00       0x16 Drivers/STM32F4xx_HAL_Driver/Src/stm32f4xx_hal_cortex.o
                0x0000000008002a00                HAL_NVIC_SetPriorityGrouping
 .text.HAL_NVIC_SetPriority
                0x0000000008002a16       0x38 Drivers/STM32F4xx_HAL_Driver/Src/stm32f4xx_hal_cortex.o
                0x0000000008002a16                HAL_NVIC_SetPriority
 .text.HAL_NVIC_EnableIRQ
                0x0000000008002a4e       0x1c Drivers/STM32F4xx_HAL_Driver/Src/stm32f4xx_hal_cortex.o
                0x0000000008002a4e                HAL_NVIC_EnableIRQ
 .text.HAL_SYSTICK_Config
                0x0000000008002a6a       0x18 Drivers/STM32F4xx_HAL_Driver/Src/stm32f4xx_hal_cortex.o
                0x0000000008002a6a                HAL_SYSTICK_Config
 *fill*         0x0000000008002a82        0x2 
 .text.HAL_DMA_Init
                0x0000000008002a84      0x15c Drivers/STM32F4xx_HAL_Driver/Src/stm32f4xx_hal_dma.o
                0x0000000008002a84                HAL_DMA_Init
 .text.DMA_CalcBaseAndBitshift
                0x0000000008002be0       0x6c Drivers/STM32F4xx_HAL_Driver/Src/stm32f4xx_hal_dma.o
 .text.DMA_CheckFifoParam
                0x0000000008002c4c       0xf8 Drivers/STM32F4xx_HAL_Driver/Src/stm32f4xx_hal_dma.o
 .text.HAL_GPIO_Init
                0x0000000008002d44      0x308 Drivers/STM32F4xx_HAL_Driver/Src/stm32f4xx_hal_gpio.o
                0x0000000008002d44                HAL_GPIO_Init
 .text.HAL_GPIO_ReadPin
                0x000000000800304c       0x30 Drivers/STM32F4xx_HAL_Driver/Src/stm32f4xx_hal_gpio.o
                0x000000000800304c                HAL_GPIO_ReadPin
 .text.HAL_GPIO_WritePin
                0x000000000800307c       0x32 Drivers/STM32F4xx_HAL_Driver/Src/stm32f4xx_hal_gpio.o
                0x000000000800307c                HAL_GPIO_WritePin
 *fill*         0x00000000080030ae        0x2 
 .text.HAL_I2C_Init
                0x00000000080030b0      0x288 Drivers/STM32F4xx_HAL_Driver/Src/stm32f4xx_hal_i2c.o
                0x00000000080030b0                HAL_I2C_Init
 .text.HAL_I2C_Mem_Read
                0x0000000008003338      0x44c Drivers/STM32F4xx_HAL_Driver/Src/stm32f4xx_hal_i2c.o
                0x0000000008003338                HAL_I2C_Mem_Read
 .text.HAL_I2C_IsDeviceReady
                0x0000000008003784      0x25c Drivers/STM32F4xx_HAL_Driver/Src/stm32f4xx_hal_i2c.o
                0x0000000008003784                HAL_I2C_IsDeviceReady
 .text.I2C_RequestMemoryRead
                0x00000000080039e0      0x1d0 Drivers/STM32F4xx_HAL_Driver/Src/stm32f4xx_hal_i2c.o
 .text.I2C_WaitOnFlagUntilTimeout
                0x0000000008003bb0       0xae Drivers/STM32F4xx_HAL_Driver/Src/stm32f4xx_hal_i2c.o
 .text.I2C_WaitOnMasterAddressFlagUntilTimeout
                0x0000000008003c5e       0xfe Drivers/STM32F4xx_HAL_Driver/Src/stm32f4xx_hal_i2c.o
 .text.I2C_WaitOnTXEFlagUntilTimeout
                0x0000000008003d5c       0x82 Drivers/STM32F4xx_HAL_Driver/Src/stm32f4xx_hal_i2c.o
 .text.I2C_WaitOnRXNEFlagUntilTimeout
                0x0000000008003dde       0xac Drivers/STM32F4xx_HAL_Driver/Src/stm32f4xx_hal_i2c.o
 .text.I2C_IsAcknowledgeFailed
                0x0000000008003e8a       0x5e Drivers/STM32F4xx_HAL_Driver/Src/stm32f4xx_hal_i2c.o
 .text.HAL_RCC_OscConfig
                0x0000000008003ee8      0x4f0 Drivers/STM32F4xx_HAL_Driver/Src/stm32f4xx_hal_rcc.o
                0x0000000008003ee8                HAL_RCC_OscConfig
 .text.HAL_RCC_ClockConfig
                0x00000000080043d8      0x1cc Drivers/STM32F4xx_HAL_Driver/Src/stm32f4xx_hal_rcc.o
                0x00000000080043d8                HAL_RCC_ClockConfig
 .text.HAL_RCC_GetSysClockFreq
                0x00000000080045a4      0x16c Drivers/STM32F4xx_HAL_Driver/Src/stm32f4xx_hal_rcc.o
                0x00000000080045a4                HAL_RCC_GetSysClockFreq
 .text.HAL_RCC_GetHCLKFreq
                0x0000000008004710       0x18 Drivers/STM32F4xx_HAL_Driver/Src/stm32f4xx_hal_rcc.o
                0x0000000008004710                HAL_RCC_GetHCLKFreq
 .text.HAL_RCC_GetPCLK1Freq
                0x0000000008004728       0x28 Drivers/STM32F4xx_HAL_Driver/Src/stm32f4xx_hal_rcc.o
                0x0000000008004728                HAL_RCC_GetPCLK1Freq
 .text.HAL_RCC_GetPCLK2Freq
                0x0000000008004750       0x28 Drivers/STM32F4xx_HAL_Driver/Src/stm32f4xx_hal_rcc.o
                0x0000000008004750                HAL_RCC_GetPCLK2Freq
 .text.HAL_TIM_Base_Init
                0x0000000008004778       0x9e Drivers/STM32F4xx_HAL_Driver/Src/stm32f4xx_hal_tim.o
                0x0000000008004778                HAL_TIM_Base_Init
 *fill*         0x0000000008004816        0x2 
 .text.HAL_TIM_Base_Start_IT
                0x0000000008004818       0xc4 Drivers/STM32F4xx_HAL_Driver/Src/stm32f4xx_hal_tim.o
                0x0000000008004818                HAL_TIM_Base_Start_IT
 .text.HAL_TIM_PWM_Init
                0x00000000080048dc       0x9e Drivers/STM32F4xx_HAL_Driver/Src/stm32f4xx_hal_tim.o
                0x00000000080048dc                HAL_TIM_PWM_Init
 .text.HAL_TIM_PWM_MspInit
                0x000000000800497a       0x14 Drivers/STM32F4xx_HAL_Driver/Src/stm32f4xx_hal_tim.o
                0x000000000800497a                HAL_TIM_PWM_MspInit
 *fill*         0x000000000800498e        0x2 
 .text.HAL_TIM_PWM_Start
                0x0000000008004990      0x160 Drivers/STM32F4xx_HAL_Driver/Src/stm32f4xx_hal_tim.o
                0x0000000008004990                HAL_TIM_PWM_Start
 .text.HAL_TIM_Encoder_Init
                0x0000000008004af0      0x14c Drivers/STM32F4xx_HAL_Driver/Src/stm32f4xx_hal_tim.o
                0x0000000008004af0                HAL_TIM_Encoder_Init
 .text.HAL_TIM_Encoder_Start
                0x0000000008004c3c      0x11c Drivers/STM32F4xx_HAL_Driver/Src/stm32f4xx_hal_tim.o
                0x0000000008004c3c                HAL_TIM_Encoder_Start
 .text.HAL_TIM_IRQHandler
                0x0000000008004d58      0x210 Drivers/STM32F4xx_HAL_Driver/Src/stm32f4xx_hal_tim.o
                0x0000000008004d58                HAL_TIM_IRQHandler
 .text.HAL_TIM_PWM_ConfigChannel
                0x0000000008004f68      0x17c Drivers/STM32F4xx_HAL_Driver/Src/stm32f4xx_hal_tim.o
                0x0000000008004f68                HAL_TIM_PWM_ConfigChannel
 .text.HAL_TIM_ConfigClockSource
                0x00000000080050e4      0x188 Drivers/STM32F4xx_HAL_Driver/Src/stm32f4xx_hal_tim.o
                0x00000000080050e4                HAL_TIM_ConfigClockSource
 .text.HAL_TIM_PeriodElapsedCallback
                0x000000000800526c       0x14 Drivers/STM32F4xx_HAL_Driver/Src/stm32f4xx_hal_tim.o
                0x000000000800526c                HAL_TIM_PeriodElapsedCallback
 .text.HAL_TIM_OC_DelayElapsedCallback
                0x0000000008005280       0x14 Drivers/STM32F4xx_HAL_Driver/Src/stm32f4xx_hal_tim.o
                0x0000000008005280                HAL_TIM_OC_DelayElapsedCallback
 .text.HAL_TIM_IC_CaptureCallback
                0x0000000008005294       0x14 Drivers/STM32F4xx_HAL_Driver/Src/stm32f4xx_hal_tim.o
                0x0000000008005294                HAL_TIM_IC_CaptureCallback
 .text.HAL_TIM_PWM_PulseFinishedCallback
                0x00000000080052a8       0x14 Drivers/STM32F4xx_HAL_Driver/Src/stm32f4xx_hal_tim.o
                0x00000000080052a8                HAL_TIM_PWM_PulseFinishedCallback
 .text.HAL_TIM_TriggerCallback
                0x00000000080052bc       0x14 Drivers/STM32F4xx_HAL_Driver/Src/stm32f4xx_hal_tim.o
                0x00000000080052bc                HAL_TIM_TriggerCallback
 .text.TIM_Base_SetConfig
                0x00000000080052d0      0x100 Drivers/STM32F4xx_HAL_Driver/Src/stm32f4xx_hal_tim.o
                0x00000000080052d0                TIM_Base_SetConfig
 .text.TIM_OC1_SetConfig
                0x00000000080053d0       0xcc Drivers/STM32F4xx_HAL_Driver/Src/stm32f4xx_hal_tim.o
 .text.TIM_OC2_SetConfig
                0x000000000800549c       0xd8 Drivers/STM32F4xx_HAL_Driver/Src/stm32f4xx_hal_tim.o
                0x000000000800549c                TIM_OC2_SetConfig
 .text.TIM_OC3_SetConfig
                0x0000000008005574       0xd4 Drivers/STM32F4xx_HAL_Driver/Src/stm32f4xx_hal_tim.o
 .text.TIM_OC4_SetConfig
                0x0000000008005648       0xa0 Drivers/STM32F4xx_HAL_Driver/Src/stm32f4xx_hal_tim.o
 .text.TIM_TI1_ConfigInputStage
                0x00000000080056e8       0x5e Drivers/STM32F4xx_HAL_Driver/Src/stm32f4xx_hal_tim.o
 .text.TIM_TI2_ConfigInputStage
                0x0000000008005746       0x60 Drivers/STM32F4xx_HAL_Driver/Src/stm32f4xx_hal_tim.o
 .text.TIM_ITRx_SetConfig
                0x00000000080057a6       0x36 Drivers/STM32F4xx_HAL_Driver/Src/stm32f4xx_hal_tim.o
 .text.TIM_ETR_SetConfig
                0x00000000080057dc       0x40 Drivers/STM32F4xx_HAL_Driver/Src/stm32f4xx_hal_tim.o
                0x00000000080057dc                TIM_ETR_SetConfig
 .text.TIM_CCxChannelCmd
                0x000000000800581c       0x4a Drivers/STM32F4xx_HAL_Driver/Src/stm32f4xx_hal_tim.o
                0x000000000800581c                TIM_CCxChannelCmd
 *fill*         0x0000000008005866        0x2 
 .text.HAL_TIMEx_MasterConfigSynchronization
                0x0000000008005868       0xdc Drivers/STM32F4xx_HAL_Driver/Src/stm32f4xx_hal_tim_ex.o
                0x0000000008005868                HAL_TIMEx_MasterConfigSynchronization
 .text.HAL_TIMEx_CommutCallback
                0x0000000008005944       0x14 Drivers/STM32F4xx_HAL_Driver/Src/stm32f4xx_hal_tim_ex.o
                0x0000000008005944                HAL_TIMEx_CommutCallback
 .text.HAL_TIMEx_BreakCallback
                0x0000000008005958       0x14 Drivers/STM32F4xx_HAL_Driver/Src/stm32f4xx_hal_tim_ex.o
                0x0000000008005958                HAL_TIMEx_BreakCallback
 .text.HAL_UART_Init
                0x000000000800596c       0x9a Drivers/STM32F4xx_HAL_Driver/Src/stm32f4xx_hal_uart.o
                0x000000000800596c                HAL_UART_Init
 *fill*         0x0000000008005a06        0x2 
 .text.UART_SetConfig
                0x0000000008005a08      0x390 Drivers/STM32F4xx_HAL_Driver/Src/stm32f4xx_hal_uart.o
 .text.__errno  0x0000000008005d98        0xc d:/st/stm32cubeide_1.5.1/stm32cubeide/plugins/com.st.stm32cube.ide.mcu.externaltools.gnu-tools-for-stm32.9-2020-q2-update.win32_1.5.0.202011040924/tools/bin/../lib/gcc/arm-none-eabi/9.3.1/../../../../arm-none-eabi/lib/thumb/v7e-m+fp/hard\libc_nano.a(lib_a-errno.o)
                0x0000000008005d98                __errno
 .text.__libc_init_array
                0x0000000008005da4       0x48 d:/st/stm32cubeide_1.5.1/stm32cubeide/plugins/com.st.stm32cube.ide.mcu.externaltools.gnu-tools-for-stm32.9-2020-q2-update.win32_1.5.0.202011040924/tools/bin/../lib/gcc/arm-none-eabi/9.3.1/../../../../arm-none-eabi/lib/thumb/v7e-m+fp/hard\libc_nano.a(lib_a-init.o)
                0x0000000008005da4                __libc_init_array
 .text.memset   0x0000000008005dec       0x10 d:/st/stm32cubeide_1.5.1/stm32cubeide/plugins/com.st.stm32cube.ide.mcu.externaltools.gnu-tools-for-stm32.9-2020-q2-update.win32_1.5.0.202011040924/tools/bin/../lib/gcc/arm-none-eabi/9.3.1/../../../../arm-none-eabi/lib/thumb/v7e-m+fp/hard\libc_nano.a(lib_a-memset.o)
                0x0000000008005dec                memset
 .text.sprintf  0x0000000008005dfc       0x40 d:/st/stm32cubeide_1.5.1/stm32cubeide/plugins/com.st.stm32cube.ide.mcu.externaltools.gnu-tools-for-stm32.9-2020-q2-update.win32_1.5.0.202011040924/tools/bin/../lib/gcc/arm-none-eabi/9.3.1/../../../../arm-none-eabi/lib/thumb/v7e-m+fp/hard\libc_nano.a(lib_a-sprintf.o)
                0x0000000008005dfc                siprintf
                0x0000000008005dfc                sprintf
 .text.__ssputs_r
                0x0000000008005e3c       0xb6 d:/st/stm32cubeide_1.5.1/stm32cubeide/plugins/com.st.stm32cube.ide.mcu.externaltools.gnu-tools-for-stm32.9-2020-q2-update.win32_1.5.0.202011040924/tools/bin/../lib/gcc/arm-none-eabi/9.3.1/../../../../arm-none-eabi/lib/thumb/v7e-m+fp/hard\libc_nano.a(lib_a-nano-svfprintf.o)
                0x0000000008005e3c                __ssputs_r
 *fill*         0x0000000008005ef2        0x2 
 .text._svfprintf_r
                0x0000000008005ef4      0x200 d:/st/stm32cubeide_1.5.1/stm32cubeide/plugins/com.st.stm32cube.ide.mcu.externaltools.gnu-tools-for-stm32.9-2020-q2-update.win32_1.5.0.202011040924/tools/bin/../lib/gcc/arm-none-eabi/9.3.1/../../../../arm-none-eabi/lib/thumb/v7e-m+fp/hard\libc_nano.a(lib_a-nano-svfprintf.o)
                0x0000000008005ef4                _svfiprintf_r
                0x0000000008005ef4                _svfprintf_r
 .text._printf_common
                0x00000000080060f4       0xda d:/st/stm32cubeide_1.5.1/stm32cubeide/plugins/com.st.stm32cube.ide.mcu.externaltools.gnu-tools-for-stm32.9-2020-q2-update.win32_1.5.0.202011040924/tools/bin/../lib/gcc/arm-none-eabi/9.3.1/../../../../arm-none-eabi/lib/thumb/v7e-m+fp/hard\libc_nano.a(lib_a-nano-vfprintf_i.o)
                0x00000000080060f4                _printf_common
 *fill*         0x00000000080061ce        0x2 
 .text._printf_i
                0x00000000080061d0      0x24c d:/st/stm32cubeide_1.5.1/stm32cubeide/plugins/com.st.stm32cube.ide.mcu.externaltools.gnu-tools-for-stm32.9-2020-q2-update.win32_1.5.0.202011040924/tools/bin/../lib/gcc/arm-none-eabi/9.3.1/../../../../arm-none-eabi/lib/thumb/v7e-m+fp/hard\libc_nano.a(lib_a-nano-vfprintf_i.o)
                0x00000000080061d0                _printf_i
 .text.memcpy   0x000000000800641c       0x1c d:/st/stm32cubeide_1.5.1/stm32cubeide/plugins/com.st.stm32cube.ide.mcu.externaltools.gnu-tools-for-stm32.9-2020-q2-update.win32_1.5.0.202011040924/tools/bin/../lib/gcc/arm-none-eabi/9.3.1/../../../../arm-none-eabi/lib/thumb/v7e-m+fp/hard\libc_nano.a(lib_a-memcpy-stub.o)
                0x000000000800641c                memcpy
 .text.memmove  0x0000000008006438       0x34 d:/st/stm32cubeide_1.5.1/stm32cubeide/plugins/com.st.stm32cube.ide.mcu.externaltools.gnu-tools-for-stm32.9-2020-q2-update.win32_1.5.0.202011040924/tools/bin/../lib/gcc/arm-none-eabi/9.3.1/../../../../arm-none-eabi/lib/thumb/v7e-m+fp/hard\libc_nano.a(lib_a-memmove.o)
                0x0000000008006438                memmove
 .text._free_r  0x000000000800646c       0xa0 d:/st/stm32cubeide_1.5.1/stm32cubeide/plugins/com.st.stm32cube.ide.mcu.externaltools.gnu-tools-for-stm32.9-2020-q2-update.win32_1.5.0.202011040924/tools/bin/../lib/gcc/arm-none-eabi/9.3.1/../../../../arm-none-eabi/lib/thumb/v7e-m+fp/hard\libc_nano.a(lib_a-nano-freer.o)
                0x000000000800646c                _free_r
 .text._malloc_r
                0x000000000800650c       0xb4 d:/st/stm32cubeide_1.5.1/stm32cubeide/plugins/com.st.stm32cube.ide.mcu.externaltools.gnu-tools-for-stm32.9-2020-q2-update.win32_1.5.0.202011040924/tools/bin/../lib/gcc/arm-none-eabi/9.3.1/../../../../arm-none-eabi/lib/thumb/v7e-m+fp/hard\libc_nano.a(lib_a-nano-mallocr.o)
                0x000000000800650c                _malloc_r
 .text._realloc_r
                0x00000000080065c0       0x4c d:/st/stm32cubeide_1.5.1/stm32cubeide/plugins/com.st.stm32cube.ide.mcu.externaltools.gnu-tools-for-stm32.9-2020-q2-update.win32_1.5.0.202011040924/tools/bin/../lib/gcc/arm-none-eabi/9.3.1/../../../../arm-none-eabi/lib/thumb/v7e-m+fp/hard\libc_nano.a(lib_a-nano-reallocr.o)
                0x00000000080065c0                _realloc_r
 .text._sbrk_r  0x000000000800660c       0x20 d:/st/stm32cubeide_1.5.1/stm32cubeide/plugins/com.st.stm32cube.ide.mcu.externaltools.gnu-tools-for-stm32.9-2020-q2-update.win32_1.5.0.202011040924/tools/bin/../lib/gcc/arm-none-eabi/9.3.1/../../../../arm-none-eabi/lib/thumb/v7e-m+fp/hard\libc_nano.a(lib_a-sbrkr.o)
                0x000000000800660c                _sbrk_r
 .text.__malloc_lock
                0x000000000800662c        0xc d:/st/stm32cubeide_1.5.1/stm32cubeide/plugins/com.st.stm32cube.ide.mcu.externaltools.gnu-tools-for-stm32.9-2020-q2-update.win32_1.5.0.202011040924/tools/bin/../lib/gcc/arm-none-eabi/9.3.1/../../../../arm-none-eabi/lib/thumb/v7e-m+fp/hard\libc_nano.a(lib_a-mlock.o)
                0x000000000800662c                __malloc_lock
 .text.__malloc_unlock
                0x0000000008006638        0xc d:/st/stm32cubeide_1.5.1/stm32cubeide/plugins/com.st.stm32cube.ide.mcu.externaltools.gnu-tools-for-stm32.9-2020-q2-update.win32_1.5.0.202011040924/tools/bin/../lib/gcc/arm-none-eabi/9.3.1/../../../../arm-none-eabi/lib/thumb/v7e-m+fp/hard\libc_nano.a(lib_a-mlock.o)
                0x0000000008006638                __malloc_unlock
 .text._malloc_usable_size_r
                0x0000000008006644       0x10 d:/st/stm32cubeide_1.5.1/stm32cubeide/plugins/com.st.stm32cube.ide.mcu.externaltools.gnu-tools-for-stm32.9-2020-q2-update.win32_1.5.0.202011040924/tools/bin/../lib/gcc/arm-none-eabi/9.3.1/../../../../arm-none-eabi/lib/thumb/v7e-m+fp/hard\libc_nano.a(lib_a-nano-msizer.o)
                0x0000000008006644                _malloc_usable_size_r
 .text.__retarget_lock_acquire_recursive
                0x0000000008006654        0x2 d:/st/stm32cubeide_1.5.1/stm32cubeide/plugins/com.st.stm32cube.ide.mcu.externaltools.gnu-tools-for-stm32.9-2020-q2-update.win32_1.5.0.202011040924/tools/bin/../lib/gcc/arm-none-eabi/9.3.1/../../../../arm-none-eabi/lib/thumb/v7e-m+fp/hard\libc_nano.a(lib_a-lock.o)
                0x0000000008006654                __retarget_lock_acquire_recursive
 .text.__retarget_lock_release_recursive
                0x0000000008006656        0x2 d:/st/stm32cubeide_1.5.1/stm32cubeide/plugins/com.st.stm32cube.ide.mcu.externaltools.gnu-tools-for-stm32.9-2020-q2-update.win32_1.5.0.202011040924/tools/bin/../lib/gcc/arm-none-eabi/9.3.1/../../../../arm-none-eabi/lib/thumb/v7e-m+fp/hard\libc_nano.a(lib_a-lock.o)
                0x0000000008006656                __retarget_lock_release_recursive
 *(.glue_7)
 .glue_7        0x0000000008006658        0x0 linker stubs
 *(.glue_7t)
 .glue_7t       0x0000000008006658        0x0 linker stubs
 *(.eh_frame)
 .eh_frame      0x0000000008006658        0x0 d:/st/stm32cubeide_1.5.1/stm32cubeide/plugins/com.st.stm32cube.ide.mcu.externaltools.gnu-tools-for-stm32.9-2020-q2-update.win32_1.5.0.202011040924/tools/bin/../lib/gcc/arm-none-eabi/9.3.1/thumb/v7e-m+fp/hard/crtbegin.o
 *(.init)
 .init          0x0000000008006658        0x4 d:/st/stm32cubeide_1.5.1/stm32cubeide/plugins/com.st.stm32cube.ide.mcu.externaltools.gnu-tools-for-stm32.9-2020-q2-update.win32_1.5.0.202011040924/tools/bin/../lib/gcc/arm-none-eabi/9.3.1/thumb/v7e-m+fp/hard/crti.o
                0x0000000008006658                _init
 .init          0x000000000800665c        0x8 d:/st/stm32cubeide_1.5.1/stm32cubeide/plugins/com.st.stm32cube.ide.mcu.externaltools.gnu-tools-for-stm32.9-2020-q2-update.win32_1.5.0.202011040924/tools/bin/../lib/gcc/arm-none-eabi/9.3.1/thumb/v7e-m+fp/hard/crtn.o
 *(.fini)
 .fini          0x0000000008006664        0x4 d:/st/stm32cubeide_1.5.1/stm32cubeide/plugins/com.st.stm32cube.ide.mcu.externaltools.gnu-tools-for-stm32.9-2020-q2-update.win32_1.5.0.202011040924/tools/bin/../lib/gcc/arm-none-eabi/9.3.1/thumb/v7e-m+fp/hard/crti.o
                0x0000000008006664                _fini
 .fini          0x0000000008006668        0x8 d:/st/stm32cubeide_1.5.1/stm32cubeide/plugins/com.st.stm32cube.ide.mcu.externaltools.gnu-tools-for-stm32.9-2020-q2-update.win32_1.5.0.202011040924/tools/bin/../lib/gcc/arm-none-eabi/9.3.1/thumb/v7e-m+fp/hard/crtn.o
                0x0000000008006670                . = ALIGN (0x4)
                0x0000000008006670                _etext = .

.vfp11_veneer   0x0000000008006670        0x0
 .vfp11_veneer  0x0000000008006670        0x0 linker stubs

.v4_bx          0x0000000008006670        0x0
 .v4_bx         0x0000000008006670        0x0 linker stubs

.iplt           0x0000000008006670        0x0
 .iplt          0x0000000008006670        0x0 d:/st/stm32cubeide_1.5.1/stm32cubeide/plugins/com.st.stm32cube.ide.mcu.externaltools.gnu-tools-for-stm32.9-2020-q2-update.win32_1.5.0.202011040924/tools/bin/../lib/gcc/arm-none-eabi/9.3.1/thumb/v7e-m+fp/hard/crtbegin.o

.rodata         0x0000000008006670       0x80
                0x0000000008006670                . = ALIGN (0x4)
 *(.rodata)
 .rodata        0x0000000008006670       0x2c Core/Src/main.o
 *(.rodata*)
 .rodata.AHBPrescTable
                0x000000000800669c       0x10 Core/Src/system_stm32f4xx.o
                0x000000000800669c                AHBPrescTable
 .rodata.APBPrescTable
                0x00000000080066ac        0x8 Core/Src/system_stm32f4xx.o
                0x00000000080066ac                APBPrescTable
 .rodata.flagBitshiftOffset.8841
                0x00000000080066b4        0x8 Drivers/STM32F4xx_HAL_Driver/Src/stm32f4xx_hal_dma.o
 .rodata._svfprintf_r.str1.1
                0x00000000080066bc       0x11 d:/st/stm32cubeide_1.5.1/stm32cubeide/plugins/com.st.stm32cube.ide.mcu.externaltools.gnu-tools-for-stm32.9-2020-q2-update.win32_1.5.0.202011040924/tools/bin/../lib/gcc/arm-none-eabi/9.3.1/../../../../arm-none-eabi/lib/thumb/v7e-m+fp/hard\libc_nano.a(lib_a-nano-svfprintf.o)
 .rodata._printf_i.str1.1
                0x00000000080066cd       0x22 d:/st/stm32cubeide_1.5.1/stm32cubeide/plugins/com.st.stm32cube.ide.mcu.externaltools.gnu-tools-for-stm32.9-2020-q2-update.win32_1.5.0.202011040924/tools/bin/../lib/gcc/arm-none-eabi/9.3.1/../../../../arm-none-eabi/lib/thumb/v7e-m+fp/hard\libc_nano.a(lib_a-nano-vfprintf_i.o)
                0x00000000080066f0                . = ALIGN (0x4)
 *fill*         0x00000000080066ef        0x1 

.ARM.extab      0x00000000080066f0        0x0
                0x00000000080066f0                . = ALIGN (0x4)
 *(.ARM.extab* .gnu.linkonce.armextab.*)
                0x00000000080066f0                . = ALIGN (0x4)

.ARM            0x00000000080066f0        0x8
                0x00000000080066f0                . = ALIGN (0x4)
                0x00000000080066f0                __exidx_start = .
 *(.ARM.exidx*)
 .ARM.exidx     0x00000000080066f0        0x8 d:/st/stm32cubeide_1.5.1/stm32cubeide/plugins/com.st.stm32cube.ide.mcu.externaltools.gnu-tools-for-stm32.9-2020-q2-update.win32_1.5.0.202011040924/tools/bin/../lib/gcc/arm-none-eabi/9.3.1/thumb/v7e-m+fp/hard\libgcc.a(_udivmoddi4.o)
                0x00000000080066f8                __exidx_end = .
                0x00000000080066f8                . = ALIGN (0x4)

.rel.dyn        0x00000000080066f8        0x0
 .rel.iplt      0x00000000080066f8        0x0 d:/st/stm32cubeide_1.5.1/stm32cubeide/plugins/com.st.stm32cube.ide.mcu.externaltools.gnu-tools-for-stm32.9-2020-q2-update.win32_1.5.0.202011040924/tools/bin/../lib/gcc/arm-none-eabi/9.3.1/thumb/v7e-m+fp/hard/crtbegin.o

.preinit_array  0x00000000080066f8        0x0
                0x00000000080066f8                . = ALIGN (0x4)
                0x00000000080066f8                PROVIDE (__preinit_array_start = .)
 *(.preinit_array*)
                0x00000000080066f8                PROVIDE (__preinit_array_end = .)
                0x00000000080066f8                . = ALIGN (0x4)

.init_array     0x00000000080066f8        0x4
                0x00000000080066f8                . = ALIGN (0x4)
                0x00000000080066f8                PROVIDE (__init_array_start = .)
 *(SORT_BY_NAME(.init_array.*))
 *(.init_array*)
 .init_array    0x00000000080066f8        0x4 d:/st/stm32cubeide_1.5.1/stm32cubeide/plugins/com.st.stm32cube.ide.mcu.externaltools.gnu-tools-for-stm32.9-2020-q2-update.win32_1.5.0.202011040924/tools/bin/../lib/gcc/arm-none-eabi/9.3.1/thumb/v7e-m+fp/hard/crtbegin.o
                0x00000000080066fc                PROVIDE (__init_array_end = .)
                0x00000000080066fc                . = ALIGN (0x4)

.fini_array     0x00000000080066fc        0x4
                0x00000000080066fc                . = ALIGN (0x4)
                [!provide]                        PROVIDE (__fini_array_start = .)
 *(SORT_BY_NAME(.fini_array.*))
 *(.fini_array*)
 .fini_array    0x00000000080066fc        0x4 d:/st/stm32cubeide_1.5.1/stm32cubeide/plugins/com.st.stm32cube.ide.mcu.externaltools.gnu-tools-for-stm32.9-2020-q2-update.win32_1.5.0.202011040924/tools/bin/../lib/gcc/arm-none-eabi/9.3.1/thumb/v7e-m+fp/hard/crtbegin.o
                [!provide]                        PROVIDE (__fini_array_end = .)
                0x0000000008006700                . = ALIGN (0x4)
                0x0000000008006700                _sidata = LOADADDR (.data)

.data           0x0000000020000000       0x88 load address 0x0000000008006700
                0x0000000020000000                . = ALIGN (0x4)
                0x0000000020000000                _sdata = .
 *(.data)
 *(.data*)
 .data.midiState
                0x0000000020000000        0x1 Core/Src/midi.o
                0x0000000020000000                midiState
 *fill*         0x0000000020000001        0x3 
 .data.SystemCoreClock
                0x0000000020000004        0x4 Core/Src/system_stm32f4xx.o
                0x0000000020000004                SystemCoreClock
 .data.KEYPAD_INT_Buttons
                0x0000000020000008       0x10 Core/Src/tm_stm32f4_keypad.o
                0x0000000020000008                KEYPAD_INT_Buttons
 .data.KeypadStatus
                0x0000000020000018        0x1 Core/Src/tm_stm32f4_keypad.o
 *fill*         0x0000000020000019        0x3 
 .data.uwTickPrio
                0x000000002000001c        0x4 Drivers/STM32F4xx_HAL_Driver/Src/stm32f4xx_hal.o
                0x000000002000001c                uwTickPrio
 .data.uwTickFreq
                0x0000000020000020        0x1 Drivers/STM32F4xx_HAL_Driver/Src/stm32f4xx_hal.o
                0x0000000020000020                uwTickFreq
 *fill*         0x0000000020000021        0x3 
 .data._impure_ptr
                0x0000000020000024        0x4 d:/st/stm32cubeide_1.5.1/stm32cubeide/plugins/com.st.stm32cube.ide.mcu.externaltools.gnu-tools-for-stm32.9-2020-q2-update.win32_1.5.0.202011040924/tools/bin/../lib/gcc/arm-none-eabi/9.3.1/../../../../arm-none-eabi/lib/thumb/v7e-m+fp/hard\libc_nano.a(lib_a-impure.o)
                0x0000000020000024                _impure_ptr
 .data.impure_data
                0x0000000020000028       0x60 d:/st/stm32cubeide_1.5.1/stm32cubeide/plugins/com.st.stm32cube.ide.mcu.externaltools.gnu-tools-for-stm32.9-2020-q2-update.win32_1.5.0.202011040924/tools/bin/../lib/gcc/arm-none-eabi/9.3.1/../../../../arm-none-eabi/lib/thumb/v7e-m+fp/hard\libc_nano.a(lib_a-impure.o)
 *(.RamFunc)
 *(.RamFunc*)
                0x0000000020000088                . = ALIGN (0x4)
                0x0000000020000088                _edata = .

.igot.plt       0x0000000020000088        0x0 load address 0x0000000008006788
 .igot.plt      0x0000000020000088        0x0 d:/st/stm32cubeide_1.5.1/stm32cubeide/plugins/com.st.stm32cube.ide.mcu.externaltools.gnu-tools-for-stm32.9-2020-q2-update.win32_1.5.0.202011040924/tools/bin/../lib/gcc/arm-none-eabi/9.3.1/thumb/v7e-m+fp/hard/crtbegin.o
                0x0000000020000088                . = ALIGN (0x4)

.bss            0x0000000020000088      0x308 load address 0x0000000008006788
                0x0000000020000088                _sbss = .
                0x0000000020000088                __bss_start__ = _sbss
 *(.bss)
 .bss           0x0000000020000088       0x1c d:/st/stm32cubeide_1.5.1/stm32cubeide/plugins/com.st.stm32cube.ide.mcu.externaltools.gnu-tools-for-stm32.9-2020-q2-update.win32_1.5.0.202011040924/tools/bin/../lib/gcc/arm-none-eabi/9.3.1/thumb/v7e-m+fp/hard/crtbegin.o
 *(.bss*)
 .bss.rx_buffer
                0x00000000200000a4       0x48 Core/Src/UartRingbuffer.o
                0x00000000200000a4                rx_buffer
 .bss.tx_buffer
                0x00000000200000ec       0x48 Core/Src/UartRingbuffer.o
                0x00000000200000ec                tx_buffer
 .bss.ee24_lock
                0x0000000020000134        0x1 Core/Src/ee24.o
                0x0000000020000134                ee24_lock
 .bss.noteEvent
                0x0000000020000135        0x1 Core/Src/midi.o
                0x0000000020000135                noteEvent
 *fill*         0x0000000020000136        0x2 
 .bss.__sbrk_heap_end
                0x0000000020000138        0x4 Core/Src/sysmem.o
 .bss.HD44780_Opts
                0x000000002000013c        0x7 Core/Src/tm_stm32_hd44780.o
 *fill*         0x0000000020000143        0x1 
 .bss.millis.8852
                0x0000000020000144        0x2 Core/Src/tm_stm32f4_keypad.o
 *fill*         0x0000000020000146        0x2 
 .bss.__malloc_free_list
                0x0000000020000148        0x4 d:/st/stm32cubeide_1.5.1/stm32cubeide/plugins/com.st.stm32cube.ide.mcu.externaltools.gnu-tools-for-stm32.9-2020-q2-update.win32_1.5.0.202011040924/tools/bin/../lib/gcc/arm-none-eabi/9.3.1/../../../../arm-none-eabi/lib/thumb/v7e-m+fp/hard\libc_nano.a(lib_a-nano-mallocr.o)
                0x0000000020000148                __malloc_free_list
 .bss.__malloc_sbrk_start
                0x000000002000014c        0x4 d:/st/stm32cubeide_1.5.1/stm32cubeide/plugins/com.st.stm32cube.ide.mcu.externaltools.gnu-tools-for-stm32.9-2020-q2-update.win32_1.5.0.202011040924/tools/bin/../lib/gcc/arm-none-eabi/9.3.1/../../../../arm-none-eabi/lib/thumb/v7e-m+fp/hard\libc_nano.a(lib_a-nano-mallocr.o)
                0x000000002000014c                __malloc_sbrk_start
 *(COMMON)
 COMMON         0x0000000020000150        0xa Core/Src/UartRingbuffer.o
                0x0000000020000150                _tx_buffer
                0x0000000020000154                _rx_buffer
                0x0000000020000158                timeout
 *fill*         0x000000002000015a        0x2 
 COMMON         0x000000002000015c        0xa Core/Src/input.o
                0x000000002000015c                encold
                0x0000000020000160                joyold
 *fill*         0x0000000020000166        0x2 
 COMMON         0x0000000020000168      0x201 Core/Src/main.o
                0x0000000020000168                lcdText
                0x0000000020000188                settings
                0x000000002000018c                hi2c1
                0x00000000200001e0                encoder
                0x00000000200001e4                hdma_usart6_tx
                0x0000000020000244                hadc1
                0x000000002000028c                joystick
                0x0000000020000294                htim1
                0x00000000200002dc                huart6
                0x0000000020000320                htim2
                0x0000000020000368                userKey
 *fill*         0x0000000020000369        0x3 
 COMMON         0x000000002000036c       0x10 Core/Src/midi.o
                0x000000002000036c                fileVolume
                0x000000002000036d                midiReadIndex
                0x000000002000036e                midiBytesToIgnore
                0x000000002000036f                playVolume
                0x0000000020000370                work_event
 COMMON         0x000000002000037c        0x4 Drivers/STM32F4xx_HAL_Driver/Src/stm32f4xx_hal.o
                0x000000002000037c                uwTick
 COMMON         0x0000000020000380        0x4 d:/st/stm32cubeide_1.5.1/stm32cubeide/plugins/com.st.stm32cube.ide.mcu.externaltools.gnu-tools-for-stm32.9-2020-q2-update.win32_1.5.0.202011040924/tools/bin/../lib/gcc/arm-none-eabi/9.3.1/../../../../arm-none-eabi/lib/thumb/v7e-m+fp/hard\libc_nano.a(lib_a-reent.o)
                0x0000000020000380                errno
 COMMON         0x0000000020000384        0x9 d:/st/stm32cubeide_1.5.1/stm32cubeide/plugins/com.st.stm32cube.ide.mcu.externaltools.gnu-tools-for-stm32.9-2020-q2-update.win32_1.5.0.202011040924/tools/bin/../lib/gcc/arm-none-eabi/9.3.1/../../../../arm-none-eabi/lib/thumb/v7e-m+fp/hard\libc_nano.a(lib_a-lock.o)
                0x0000000020000384                __lock___atexit_recursive_mutex
                0x0000000020000385                __lock___arc4random_mutex
                0x0000000020000386                __lock___env_recursive_mutex
                0x0000000020000387                __lock___sinit_recursive_mutex
                0x0000000020000388                __lock___malloc_recursive_mutex
                0x0000000020000389                __lock___at_quick_exit_mutex
                0x000000002000038a                __lock___dd_hash_mutex
                0x000000002000038b                __lock___tz_mutex
                0x000000002000038c                __lock___sfp_recursive_mutex
                0x0000000020000390                . = ALIGN (0x4)
 *fill*         0x000000002000038d        0x3 
                0x0000000020000390                _ebss = .
                0x0000000020000390                __bss_end__ = _ebss

._user_heap_stack
                0x0000000020000390      0x600 load address 0x0000000008006788
                0x0000000020000390                . = ALIGN (0x8)
                [!provide]                        PROVIDE (end = .)
                0x0000000020000390                PROVIDE (_end = .)
                0x0000000020000590                . = (. + _Min_Heap_Size)
 *fill*         0x0000000020000390      0x200 
                0x0000000020000990                . = (. + _Min_Stack_Size)
 *fill*         0x0000000020000590      0x400 
                0x0000000020000990                . = ALIGN (0x8)

/DISCARD/
 libc.a(*)
 libm.a(*)
 libgcc.a(*)

.ARM.attributes
                0x0000000000000000       0x30
 *(.ARM.attributes)
 .ARM.attributes
                0x0000000000000000       0x1e d:/st/stm32cubeide_1.5.1/stm32cubeide/plugins/com.st.stm32cube.ide.mcu.externaltools.gnu-tools-for-stm32.9-2020-q2-update.win32_1.5.0.202011040924/tools/bin/../lib/gcc/arm-none-eabi/9.3.1/thumb/v7e-m+fp/hard/crti.o
 .ARM.attributes
                0x000000000000001e       0x34 d:/st/stm32cubeide_1.5.1/stm32cubeide/plugins/com.st.stm32cube.ide.mcu.externaltools.gnu-tools-for-stm32.9-2020-q2-update.win32_1.5.0.202011040924/tools/bin/../lib/gcc/arm-none-eabi/9.3.1/thumb/v7e-m+fp/hard/crtbegin.o
 .ARM.attributes
                0x0000000000000052       0x34 Core/Src/UartRingbuffer.o
 .ARM.attributes
                0x0000000000000086       0x34 Core/Src/ee24.o
 .ARM.attributes
                0x00000000000000ba       0x34 Core/Src/input.o
 .ARM.attributes
                0x00000000000000ee       0x34 Core/Src/main.o
 .ARM.attributes
                0x0000000000000122       0x34 Core/Src/midi.o
 .ARM.attributes
                0x0000000000000156       0x34 Core/Src/stm32f4xx_hal_msp.o
 .ARM.attributes
                0x000000000000018a       0x34 Core/Src/stm32f4xx_it.o
 .ARM.attributes
                0x00000000000001be       0x34 Core/Src/sysmem.o
 .ARM.attributes
                0x00000000000001f2       0x34 Core/Src/system_stm32f4xx.o
 .ARM.attributes
                0x0000000000000226       0x34 Core/Src/tm_stm32_hd44780.o
 .ARM.attributes
                0x000000000000025a       0x34 Core/Src/tm_stm32f4_keypad.o
 .ARM.attributes
                0x000000000000028e       0x21 Core/Startup/startup_stm32f401ccux.o
 .ARM.attributes
                0x00000000000002af       0x34 Drivers/STM32F4xx_HAL_Driver/Src/stm32f4xx_hal.o
 .ARM.attributes
                0x00000000000002e3       0x34 Drivers/STM32F4xx_HAL_Driver/Src/stm32f4xx_hal_adc.o
 .ARM.attributes
                0x0000000000000317       0x34 Drivers/STM32F4xx_HAL_Driver/Src/stm32f4xx_hal_cortex.o
 .ARM.attributes
                0x000000000000034b       0x34 Drivers/STM32F4xx_HAL_Driver/Src/stm32f4xx_hal_dma.o
 .ARM.attributes
                0x000000000000037f       0x34 Drivers/STM32F4xx_HAL_Driver/Src/stm32f4xx_hal_gpio.o
 .ARM.attributes
                0x00000000000003b3       0x34 Drivers/STM32F4xx_HAL_Driver/Src/stm32f4xx_hal_i2c.o
 .ARM.attributes
                0x00000000000003e7       0x34 Drivers/STM32F4xx_HAL_Driver/Src/stm32f4xx_hal_rcc.o
 .ARM.attributes
                0x000000000000041b       0x34 Drivers/STM32F4xx_HAL_Driver/Src/stm32f4xx_hal_tim.o
 .ARM.attributes
                0x000000000000044f       0x34 Drivers/STM32F4xx_HAL_Driver/Src/stm32f4xx_hal_tim_ex.o
 .ARM.attributes
                0x0000000000000483       0x34 Drivers/STM32F4xx_HAL_Driver/Src/stm32f4xx_hal_uart.o
 .ARM.attributes
                0x00000000000004b7       0x34 d:/st/stm32cubeide_1.5.1/stm32cubeide/plugins/com.st.stm32cube.ide.mcu.externaltools.gnu-tools-for-stm32.9-2020-q2-update.win32_1.5.0.202011040924/tools/bin/../lib/gcc/arm-none-eabi/9.3.1/../../../../arm-none-eabi/lib/thumb/v7e-m+fp/hard\libc_nano.a(lib_a-errno.o)
 .ARM.attributes
                0x00000000000004eb       0x32 d:/st/stm32cubeide_1.5.1/stm32cubeide/plugins/com.st.stm32cube.ide.mcu.externaltools.gnu-tools-for-stm32.9-2020-q2-update.win32_1.5.0.202011040924/tools/bin/../lib/gcc/arm-none-eabi/9.3.1/../../../../arm-none-eabi/lib/thumb/v7e-m+fp/hard\libc_nano.a(lib_a-impure.o)
 .ARM.attributes
                0x000000000000051d       0x34 d:/st/stm32cubeide_1.5.1/stm32cubeide/plugins/com.st.stm32cube.ide.mcu.externaltools.gnu-tools-for-stm32.9-2020-q2-update.win32_1.5.0.202011040924/tools/bin/../lib/gcc/arm-none-eabi/9.3.1/../../../../arm-none-eabi/lib/thumb/v7e-m+fp/hard\libc_nano.a(lib_a-init.o)
 .ARM.attributes
                0x0000000000000551       0x34 d:/st/stm32cubeide_1.5.1/stm32cubeide/plugins/com.st.stm32cube.ide.mcu.externaltools.gnu-tools-for-stm32.9-2020-q2-update.win32_1.5.0.202011040924/tools/bin/../lib/gcc/arm-none-eabi/9.3.1/../../../../arm-none-eabi/lib/thumb/v7e-m+fp/hard\libc_nano.a(lib_a-memset.o)
 .ARM.attributes
                0x0000000000000585       0x34 d:/st/stm32cubeide_1.5.1/stm32cubeide/plugins/com.st.stm32cube.ide.mcu.externaltools.gnu-tools-for-stm32.9-2020-q2-update.win32_1.5.0.202011040924/tools/bin/../lib/gcc/arm-none-eabi/9.3.1/../../../../arm-none-eabi/lib/thumb/v7e-m+fp/hard\libc_nano.a(lib_a-sprintf.o)
 .ARM.attributes
                0x00000000000005b9       0x34 d:/st/stm32cubeide_1.5.1/stm32cubeide/plugins/com.st.stm32cube.ide.mcu.externaltools.gnu-tools-for-stm32.9-2020-q2-update.win32_1.5.0.202011040924/tools/bin/../lib/gcc/arm-none-eabi/9.3.1/../../../../arm-none-eabi/lib/thumb/v7e-m+fp/hard\libc_nano.a(lib_a-nano-svfprintf.o)
 .ARM.attributes
                0x00000000000005ed       0x34 d:/st/stm32cubeide_1.5.1/stm32cubeide/plugins/com.st.stm32cube.ide.mcu.externaltools.gnu-tools-for-stm32.9-2020-q2-update.win32_1.5.0.202011040924/tools/bin/../lib/gcc/arm-none-eabi/9.3.1/../../../../arm-none-eabi/lib/thumb/v7e-m+fp/hard\libc_nano.a(lib_a-nano-vfprintf_i.o)
 .ARM.attributes
                0x0000000000000621       0x1c d:/st/stm32cubeide_1.5.1/stm32cubeide/plugins/com.st.stm32cube.ide.mcu.externaltools.gnu-tools-for-stm32.9-2020-q2-update.win32_1.5.0.202011040924/tools/bin/../lib/gcc/arm-none-eabi/9.3.1/../../../../arm-none-eabi/lib/thumb/v7e-m+fp/hard\libc_nano.a(lib_a-memchr.o)
 .ARM.attributes
                0x000000000000063d       0x34 d:/st/stm32cubeide_1.5.1/stm32cubeide/plugins/com.st.stm32cube.ide.mcu.externaltools.gnu-tools-for-stm32.9-2020-q2-update.win32_1.5.0.202011040924/tools/bin/../lib/gcc/arm-none-eabi/9.3.1/../../../../arm-none-eabi/lib/thumb/v7e-m+fp/hard\libc_nano.a(lib_a-memcpy-stub.o)
 .ARM.attributes
                0x0000000000000671       0x34 d:/st/stm32cubeide_1.5.1/stm32cubeide/plugins/com.st.stm32cube.ide.mcu.externaltools.gnu-tools-for-stm32.9-2020-q2-update.win32_1.5.0.202011040924/tools/bin/../lib/gcc/arm-none-eabi/9.3.1/../../../../arm-none-eabi/lib/thumb/v7e-m+fp/hard\libc_nano.a(lib_a-memmove.o)
 .ARM.attributes
                0x00000000000006a5       0x34 d:/st/stm32cubeide_1.5.1/stm32cubeide/plugins/com.st.stm32cube.ide.mcu.externaltools.gnu-tools-for-stm32.9-2020-q2-update.win32_1.5.0.202011040924/tools/bin/../lib/gcc/arm-none-eabi/9.3.1/../../../../arm-none-eabi/lib/thumb/v7e-m+fp/hard\libc_nano.a(lib_a-nano-freer.o)
 .ARM.attributes
                0x00000000000006d9       0x34 d:/st/stm32cubeide_1.5.1/stm32cubeide/plugins/com.st.stm32cube.ide.mcu.externaltools.gnu-tools-for-stm32.9-2020-q2-update.win32_1.5.0.202011040924/tools/bin/../lib/gcc/arm-none-eabi/9.3.1/../../../../arm-none-eabi/lib/thumb/v7e-m+fp/hard\libc_nano.a(lib_a-nano-mallocr.o)
 .ARM.attributes
                0x000000000000070d       0x34 d:/st/stm32cubeide_1.5.1/stm32cubeide/plugins/com.st.stm32cube.ide.mcu.externaltools.gnu-tools-for-stm32.9-2020-q2-update.win32_1.5.0.202011040924/tools/bin/../lib/gcc/arm-none-eabi/9.3.1/../../../../arm-none-eabi/lib/thumb/v7e-m+fp/hard\libc_nano.a(lib_a-nano-reallocr.o)
 .ARM.attributes
                0x0000000000000741       0x34 d:/st/stm32cubeide_1.5.1/stm32cubeide/plugins/com.st.stm32cube.ide.mcu.externaltools.gnu-tools-for-stm32.9-2020-q2-update.win32_1.5.0.202011040924/tools/bin/../lib/gcc/arm-none-eabi/9.3.1/../../../../arm-none-eabi/lib/thumb/v7e-m+fp/hard\libc_nano.a(lib_a-sbrkr.o)
 .ARM.attributes
                0x0000000000000775       0x34 d:/st/stm32cubeide_1.5.1/stm32cubeide/plugins/com.st.stm32cube.ide.mcu.externaltools.gnu-tools-for-stm32.9-2020-q2-update.win32_1.5.0.202011040924/tools/bin/../lib/gcc/arm-none-eabi/9.3.1/../../../../arm-none-eabi/lib/thumb/v7e-m+fp/hard\libc_nano.a(lib_a-mlock.o)
 .ARM.attributes
                0x00000000000007a9       0x34 d:/st/stm32cubeide_1.5.1/stm32cubeide/plugins/com.st.stm32cube.ide.mcu.externaltools.gnu-tools-for-stm32.9-2020-q2-update.win32_1.5.0.202011040924/tools/bin/../lib/gcc/arm-none-eabi/9.3.1/../../../../arm-none-eabi/lib/thumb/v7e-m+fp/hard\libc_nano.a(lib_a-nano-msizer.o)
 .ARM.attributes
                0x00000000000007dd       0x34 d:/st/stm32cubeide_1.5.1/stm32cubeide/plugins/com.st.stm32cube.ide.mcu.externaltools.gnu-tools-for-stm32.9-2020-q2-update.win32_1.5.0.202011040924/tools/bin/../lib/gcc/arm-none-eabi/9.3.1/../../../../arm-none-eabi/lib/thumb/v7e-m+fp/hard\libc_nano.a(lib_a-reent.o)
 .ARM.attributes
                0x0000000000000811       0x34 d:/st/stm32cubeide_1.5.1/stm32cubeide/plugins/com.st.stm32cube.ide.mcu.externaltools.gnu-tools-for-stm32.9-2020-q2-update.win32_1.5.0.202011040924/tools/bin/../lib/gcc/arm-none-eabi/9.3.1/../../../../arm-none-eabi/lib/thumb/v7e-m+fp/hard\libc_nano.a(lib_a-lock.o)
 .ARM.attributes
                0x0000000000000845       0x1e d:/st/stm32cubeide_1.5.1/stm32cubeide/plugins/com.st.stm32cube.ide.mcu.externaltools.gnu-tools-for-stm32.9-2020-q2-update.win32_1.5.0.202011040924/tools/bin/../lib/gcc/arm-none-eabi/9.3.1/thumb/v7e-m+fp/hard\libgcc.a(_aeabi_uldivmod.o)
 .ARM.attributes
                0x0000000000000863       0x34 d:/st/stm32cubeide_1.5.1/stm32cubeide/plugins/com.st.stm32cube.ide.mcu.externaltools.gnu-tools-for-stm32.9-2020-q2-update.win32_1.5.0.202011040924/tools/bin/../lib/gcc/arm-none-eabi/9.3.1/thumb/v7e-m+fp/hard\libgcc.a(_udivmoddi4.o)
 .ARM.attributes
                0x0000000000000897       0x1e d:/st/stm32cubeide_1.5.1/stm32cubeide/plugins/com.st.stm32cube.ide.mcu.externaltools.gnu-tools-for-stm32.9-2020-q2-update.win32_1.5.0.202011040924/tools/bin/../lib/gcc/arm-none-eabi/9.3.1/thumb/v7e-m+fp/hard\libgcc.a(_dvmd_tls.o)
 .ARM.attributes
                0x00000000000008b5       0x1e d:/st/stm32cubeide_1.5.1/stm32cubeide/plugins/com.st.stm32cube.ide.mcu.externaltools.gnu-tools-for-stm32.9-2020-q2-update.win32_1.5.0.202011040924/tools/bin/../lib/gcc/arm-none-eabi/9.3.1/thumb/v7e-m+fp/hard/crtn.o
OUTPUT(KetronStm32F401CCU6.elf elf32-littlearm)
LOAD linker stubs
LOAD d:/st/stm32cubeide_1.5.1/stm32cubeide/plugins/com.st.stm32cube.ide.mcu.externaltools.gnu-tools-for-stm32.9-2020-q2-update.win32_1.5.0.202011040924/tools/bin/../lib/gcc/arm-none-eabi/9.3.1/../../../../arm-none-eabi/lib/thumb/v7e-m+fp/hard\libc.a
LOAD d:/st/stm32cubeide_1.5.1/stm32cubeide/plugins/com.st.stm32cube.ide.mcu.externaltools.gnu-tools-for-stm32.9-2020-q2-update.win32_1.5.0.202011040924/tools/bin/../lib/gcc/arm-none-eabi/9.3.1/../../../../arm-none-eabi/lib/thumb/v7e-m+fp/hard\libm.a
LOAD d:/st/stm32cubeide_1.5.1/stm32cubeide/plugins/com.st.stm32cube.ide.mcu.externaltools.gnu-tools-for-stm32.9-2020-q2-update.win32_1.5.0.202011040924/tools/bin/../lib/gcc/arm-none-eabi/9.3.1/thumb/v7e-m+fp/hard\libgcc.a

.debug_info     0x0000000000000000    0x15ebd
 .debug_info    0x0000000000000000     0x13eb Core/Src/UartRingbuffer.o
 .debug_info    0x00000000000013eb      0x872 Core/Src/ee24.o
 .debug_info    0x0000000000001c5d     0x1542 Core/Src/input.o
 .debug_info    0x000000000000319f     0x2404 Core/Src/main.o
 .debug_info    0x00000000000055a3      0xe77 Core/Src/midi.o
 .debug_info    0x000000000000641a     0x16ca Core/Src/stm32f4xx_hal_msp.o
 .debug_info    0x0000000000007ae4      0xa67 Core/Src/stm32f4xx_it.o
 .debug_info    0x000000000000854b      0xa25 Core/Src/sysmem.o
 .debug_info    0x0000000000008f70      0x5d0 Core/Src/system_stm32f4xx.o
 .debug_info    0x0000000000009540      0x74d Core/Src/tm_stm32_hd44780.o
 .debug_info    0x0000000000009c8d      0x49c Core/Src/tm_stm32f4_keypad.o
 .debug_info    0x000000000000a129       0x22 Core/Startup/startup_stm32f401ccux.o
 .debug_info    0x000000000000a14b      0x93d Drivers/STM32F4xx_HAL_Driver/Src/stm32f4xx_hal.o
 .debug_info    0x000000000000aa88      0xdb4 Drivers/STM32F4xx_HAL_Driver/Src/stm32f4xx_hal_adc.o
 .debug_info    0x000000000000b83c      0xe41 Drivers/STM32F4xx_HAL_Driver/Src/stm32f4xx_hal_cortex.o
 .debug_info    0x000000000000c67d      0x9e9 Drivers/STM32F4xx_HAL_Driver/Src/stm32f4xx_hal_dma.o
 .debug_info    0x000000000000d066      0x862 Drivers/STM32F4xx_HAL_Driver/Src/stm32f4xx_hal_gpio.o
 .debug_info    0x000000000000d8c8     0x2639 Drivers/STM32F4xx_HAL_Driver/Src/stm32f4xx_hal_i2c.o
 .debug_info    0x000000000000ff01      0x9bd Drivers/STM32F4xx_HAL_Driver/Src/stm32f4xx_hal_rcc.o
 .debug_info    0x00000000000108be     0x2a88 Drivers/STM32F4xx_HAL_Driver/Src/stm32f4xx_hal_tim.o
 .debug_info    0x0000000000013346     0x151a Drivers/STM32F4xx_HAL_Driver/Src/stm32f4xx_hal_tim_ex.o
 .debug_info    0x0000000000014860     0x165d Drivers/STM32F4xx_HAL_Driver/Src/stm32f4xx_hal_uart.o

.debug_abbrev   0x0000000000000000     0x2f8f
 .debug_abbrev  0x0000000000000000      0x3ac Core/Src/UartRingbuffer.o
 .debug_abbrev  0x00000000000003ac      0x1d1 Core/Src/ee24.o
 .debug_abbrev  0x000000000000057d      0x257 Core/Src/input.o
 .debug_abbrev  0x00000000000007d4      0x2e6 Core/Src/main.o
 .debug_abbrev  0x0000000000000aba      0x294 Core/Src/midi.o
 .debug_abbrev  0x0000000000000d4e      0x206 Core/Src/stm32f4xx_hal_msp.o
 .debug_abbrev  0x0000000000000f54      0x187 Core/Src/stm32f4xx_it.o
 .debug_abbrev  0x00000000000010db      0x1bf Core/Src/sysmem.o
 .debug_abbrev  0x000000000000129a      0x145 Core/Src/system_stm32f4xx.o
 .debug_abbrev  0x00000000000013df      0x22d Core/Src/tm_stm32_hd44780.o
 .debug_abbrev  0x000000000000160c      0x194 Core/Src/tm_stm32f4_keypad.o
 .debug_abbrev  0x00000000000017a0       0x12 Core/Startup/startup_stm32f401ccux.o
 .debug_abbrev  0x00000000000017b2      0x21e Drivers/STM32F4xx_HAL_Driver/Src/stm32f4xx_hal.o
 .debug_abbrev  0x00000000000019d0      0x1ef Drivers/STM32F4xx_HAL_Driver/Src/stm32f4xx_hal_adc.o
 .debug_abbrev  0x0000000000001bbf      0x33c Drivers/STM32F4xx_HAL_Driver/Src/stm32f4xx_hal_cortex.o
 .debug_abbrev  0x0000000000001efb      0x219 Drivers/STM32F4xx_HAL_Driver/Src/stm32f4xx_hal_dma.o
 .debug_abbrev  0x0000000000002114      0x1f1 Drivers/STM32F4xx_HAL_Driver/Src/stm32f4xx_hal_gpio.o
 .debug_abbrev  0x0000000000002305      0x293 Drivers/STM32F4xx_HAL_Driver/Src/stm32f4xx_hal_i2c.o
 .debug_abbrev  0x0000000000002598      0x275 Drivers/STM32F4xx_HAL_Driver/Src/stm32f4xx_hal_rcc.o
 .debug_abbrev  0x000000000000280d      0x26f Drivers/STM32F4xx_HAL_Driver/Src/stm32f4xx_hal_tim.o
 .debug_abbrev  0x0000000000002a7c      0x277 Drivers/STM32F4xx_HAL_Driver/Src/stm32f4xx_hal_tim_ex.o
 .debug_abbrev  0x0000000000002cf3      0x29c Drivers/STM32F4xx_HAL_Driver/Src/stm32f4xx_hal_uart.o

.debug_aranges  0x0000000000000000     0x1278
 .debug_aranges
                0x0000000000000000       0x88 Core/Src/UartRingbuffer.o
 .debug_aranges
                0x0000000000000088       0x38 Core/Src/ee24.o
 .debug_aranges
                0x00000000000000c0       0x38 Core/Src/input.o
 .debug_aranges
                0x00000000000000f8       0x68 Core/Src/main.o
 .debug_aranges
                0x0000000000000160       0x80 Core/Src/midi.o
 .debug_aranges
                0x00000000000001e0       0x78 Core/Src/stm32f4xx_hal_msp.o
 .debug_aranges
                0x0000000000000258       0x70 Core/Src/stm32f4xx_it.o
 .debug_aranges
                0x00000000000002c8       0x20 Core/Src/sysmem.o
 .debug_aranges
                0x00000000000002e8       0x28 Core/Src/system_stm32f4xx.o
 .debug_aranges
                0x0000000000000310       0xb8 Core/Src/tm_stm32_hd44780.o
 .debug_aranges
                0x00000000000003c8       0x50 Core/Src/tm_stm32f4_keypad.o
 .debug_aranges
                0x0000000000000418       0x28 Core/Startup/startup_stm32f401ccux.o
 .debug_aranges
                0x0000000000000440       0xf0 Drivers/STM32F4xx_HAL_Driver/Src/stm32f4xx_hal.o
 .debug_aranges
                0x0000000000000530       0xe8 Drivers/STM32F4xx_HAL_Driver/Src/stm32f4xx_hal_adc.o
 .debug_aranges
                0x0000000000000618      0x118 Drivers/STM32F4xx_HAL_Driver/Src/stm32f4xx_hal_cortex.o
 .debug_aranges
                0x0000000000000730       0x90 Drivers/STM32F4xx_HAL_Driver/Src/stm32f4xx_hal_dma.o
 .debug_aranges
                0x00000000000007c0       0x58 Drivers/STM32F4xx_HAL_Driver/Src/stm32f4xx_hal_gpio.o
 .debug_aranges
                0x0000000000000818      0x2a0 Drivers/STM32F4xx_HAL_Driver/Src/stm32f4xx_hal_i2c.o
 .debug_aranges
                0x0000000000000ab8       0x88 Drivers/STM32F4xx_HAL_Driver/Src/stm32f4xx_hal_rcc.o
 .debug_aranges
                0x0000000000000b40      0x3d0 Drivers/STM32F4xx_HAL_Driver/Src/stm32f4xx_hal_tim.o
 .debug_aranges
                0x0000000000000f10      0x168 Drivers/STM32F4xx_HAL_Driver/Src/stm32f4xx_hal_tim_ex.o
 .debug_aranges
                0x0000000000001078      0x200 Drivers/STM32F4xx_HAL_Driver/Src/stm32f4xx_hal_uart.o

.debug_ranges   0x0000000000000000     0x1190
 .debug_ranges  0x0000000000000000       0x90 Core/Src/UartRingbuffer.o
 .debug_ranges  0x0000000000000090       0x28 Core/Src/ee24.o
 .debug_ranges  0x00000000000000b8       0x28 Core/Src/input.o
 .debug_ranges  0x00000000000000e0       0x58 Core/Src/main.o
 .debug_ranges  0x0000000000000138       0x70 Core/Src/midi.o
 .debug_ranges  0x00000000000001a8       0x68 Core/Src/stm32f4xx_hal_msp.o
 .debug_ranges  0x0000000000000210       0x60 Core/Src/stm32f4xx_it.o
 .debug_ranges  0x0000000000000270       0x10 Core/Src/sysmem.o
 .debug_ranges  0x0000000000000280       0x18 Core/Src/system_stm32f4xx.o
 .debug_ranges  0x0000000000000298       0xa8 Core/Src/tm_stm32_hd44780.o
 .debug_ranges  0x0000000000000340       0x40 Core/Src/tm_stm32f4_keypad.o
 .debug_ranges  0x0000000000000380       0x20 Core/Startup/startup_stm32f401ccux.o
 .debug_ranges  0x00000000000003a0       0xe0 Drivers/STM32F4xx_HAL_Driver/Src/stm32f4xx_hal.o
 .debug_ranges  0x0000000000000480       0xd8 Drivers/STM32F4xx_HAL_Driver/Src/stm32f4xx_hal_adc.o
 .debug_ranges  0x0000000000000558      0x108 Drivers/STM32F4xx_HAL_Driver/Src/stm32f4xx_hal_cortex.o
 .debug_ranges  0x0000000000000660       0x80 Drivers/STM32F4xx_HAL_Driver/Src/stm32f4xx_hal_dma.o
 .debug_ranges  0x00000000000006e0       0x48 Drivers/STM32F4xx_HAL_Driver/Src/stm32f4xx_hal_gpio.o
 .debug_ranges  0x0000000000000728      0x2b8 Drivers/STM32F4xx_HAL_Driver/Src/stm32f4xx_hal_i2c.o
 .debug_ranges  0x00000000000009e0       0x78 Drivers/STM32F4xx_HAL_Driver/Src/stm32f4xx_hal_rcc.o
 .debug_ranges  0x0000000000000a58      0x3c0 Drivers/STM32F4xx_HAL_Driver/Src/stm32f4xx_hal_tim.o
 .debug_ranges  0x0000000000000e18      0x158 Drivers/STM32F4xx_HAL_Driver/Src/stm32f4xx_hal_tim_ex.o
 .debug_ranges  0x0000000000000f70      0x220 Drivers/STM32F4xx_HAL_Driver/Src/stm32f4xx_hal_uart.o

.debug_macro    0x0000000000000000    0x198c5
 .debug_macro   0x0000000000000000      0x2f9 Core/Src/UartRingbuffer.o
 .debug_macro   0x00000000000002f9      0xaa8 Core/Src/UartRingbuffer.o
 .debug_macro   0x0000000000000da1      0x2a7 Core/Src/UartRingbuffer.o
 .debug_macro   0x0000000000001048       0x2e Core/Src/UartRingbuffer.o
 .debug_macro   0x0000000000001076       0x28 Core/Src/UartRingbuffer.o
 .debug_macro   0x000000000000109e       0x22 Core/Src/UartRingbuffer.o
 .debug_macro   0x00000000000010c0       0x8e Core/Src/UartRingbuffer.o
 .debug_macro   0x000000000000114e       0x51 Core/Src/UartRingbuffer.o
 .debug_macro   0x000000000000119f      0x103 Core/Src/UartRingbuffer.o
 .debug_macro   0x00000000000012a2       0x6a Core/Src/UartRingbuffer.o
 .debug_macro   0x000000000000130c      0x1df Core/Src/UartRingbuffer.o
 .debug_macro   0x00000000000014eb       0x1c Core/Src/UartRingbuffer.o
 .debug_macro   0x0000000000001507       0x22 Core/Src/UartRingbuffer.o
 .debug_macro   0x0000000000001529       0xdf Core/Src/UartRingbuffer.o
 .debug_macro   0x0000000000001608     0x102d Core/Src/UartRingbuffer.o
 .debug_macro   0x0000000000002635      0x11f Core/Src/UartRingbuffer.o
 .debug_macro   0x0000000000002754     0xb850 Core/Src/UartRingbuffer.o
 .debug_macro   0x000000000000dfa4       0x43 Core/Src/UartRingbuffer.o
 .debug_macro   0x000000000000dfe7     0x3659 Core/Src/UartRingbuffer.o
 .debug_macro   0x0000000000011640      0x174 Core/Src/UartRingbuffer.o
 .debug_macro   0x00000000000117b4       0x5c Core/Src/UartRingbuffer.o
 .debug_macro   0x0000000000011810      0x416 Core/Src/UartRingbuffer.o
 .debug_macro   0x0000000000011c26      0x9fe Core/Src/UartRingbuffer.o
 .debug_macro   0x0000000000012624      0x117 Core/Src/UartRingbuffer.o
 .debug_macro   0x000000000001273b       0xf8 Core/Src/UartRingbuffer.o
 .debug_macro   0x0000000000012833       0x82 Core/Src/UartRingbuffer.o
 .debug_macro   0x00000000000128b5      0x15f Core/Src/UartRingbuffer.o
 .debug_macro   0x0000000000012a14      0x287 Core/Src/UartRingbuffer.o
 .debug_macro   0x0000000000012c9b       0x5f Core/Src/UartRingbuffer.o
 .debug_macro   0x0000000000012cfa      0x236 Core/Src/UartRingbuffer.o
 .debug_macro   0x0000000000012f30      0x9e1 Core/Src/UartRingbuffer.o
 .debug_macro   0x0000000000013911      0x38b Core/Src/UartRingbuffer.o
 .debug_macro   0x0000000000013c9c      0x176 Core/Src/UartRingbuffer.o
 .debug_macro   0x0000000000013e12       0xf9 Core/Src/UartRingbuffer.o
 .debug_macro   0x0000000000013f0b      0x132 Core/Src/UartRingbuffer.o
 .debug_macro   0x000000000001403d      0x23a Core/Src/UartRingbuffer.o
 .debug_macro   0x0000000000014277       0x2e Core/Src/UartRingbuffer.o
 .debug_macro   0x00000000000142a5      0x1b5 Core/Src/UartRingbuffer.o
 .debug_macro   0x000000000001445a       0x22 Core/Src/UartRingbuffer.o
 .debug_macro   0x000000000001447c       0xd6 Core/Src/UartRingbuffer.o
 .debug_macro   0x0000000000014552      0x11a Core/Src/UartRingbuffer.o
 .debug_macro   0x000000000001466c       0x85 Core/Src/UartRingbuffer.o
 .debug_macro   0x00000000000146f1       0x89 Core/Src/UartRingbuffer.o
 .debug_macro   0x000000000001477a      0x8d1 Core/Src/UartRingbuffer.o
 .debug_macro   0x000000000001504b       0x47 Core/Src/UartRingbuffer.o
 .debug_macro   0x0000000000015092      0x295 Core/Src/UartRingbuffer.o
 .debug_macro   0x0000000000015327      0x126 Core/Src/UartRingbuffer.o
 .debug_macro   0x000000000001544d       0x52 Core/Src/UartRingbuffer.o
 .debug_macro   0x000000000001549f       0x18 Core/Src/UartRingbuffer.o
 .debug_macro   0x00000000000154b7       0x3c Core/Src/UartRingbuffer.o
 .debug_macro   0x00000000000154f3       0x34 Core/Src/UartRingbuffer.o
 .debug_macro   0x0000000000015527       0x16 Core/Src/UartRingbuffer.o
 .debug_macro   0x000000000001553d       0x43 Core/Src/UartRingbuffer.o
 .debug_macro   0x0000000000015580       0x34 Core/Src/UartRingbuffer.o
 .debug_macro   0x00000000000155b4       0x10 Core/Src/UartRingbuffer.o
 .debug_macro   0x00000000000155c4       0x58 Core/Src/UartRingbuffer.o
 .debug_macro   0x000000000001561c       0x71 Core/Src/UartRingbuffer.o
 .debug_macro   0x000000000001568d       0x1c Core/Src/UartRingbuffer.o
 .debug_macro   0x00000000000156a9      0x12a Core/Src/UartRingbuffer.o
 .debug_macro   0x00000000000157d3      0x333 Core/Src/UartRingbuffer.o
 .debug_macro   0x0000000000015b06       0x10 Core/Src/UartRingbuffer.o
 .debug_macro   0x0000000000015b16       0x35 Core/Src/UartRingbuffer.o
 .debug_macro   0x0000000000015b4b       0x20 Core/Src/UartRingbuffer.o
 .debug_macro   0x0000000000015b6b      0x241 Core/Src/ee24.o
 .debug_macro   0x0000000000015dac       0xf4 Core/Src/ee24.o
 .debug_macro   0x0000000000015ea0       0x28 Core/Src/ee24.o
 .debug_macro   0x0000000000015ec8      0x307 Core/Src/input.o
 .debug_macro   0x00000000000161cf       0x17 Core/Src/input.o
 .debug_macro   0x00000000000161e6      0x3c7 Core/Src/main.o
 .debug_macro   0x00000000000165ad       0x16 Core/Src/main.o
 .debug_macro   0x00000000000165c3       0x10 Core/Src/main.o
 .debug_macro   0x00000000000165d3       0x10 Core/Src/main.o
 .debug_macro   0x00000000000165e3       0x1c Core/Src/main.o
 .debug_macro   0x00000000000165ff       0x52 Core/Src/main.o
 .debug_macro   0x0000000000016651       0x22 Core/Src/main.o
 .debug_macro   0x0000000000016673       0x10 Core/Src/main.o
 .debug_macro   0x0000000000016683       0x40 Core/Src/main.o
 .debug_macro   0x00000000000166c3       0xd5 Core/Src/main.o
 .debug_macro   0x0000000000016798       0x1c Core/Src/main.o
 .debug_macro   0x00000000000167b4       0x3d Core/Src/main.o
 .debug_macro   0x00000000000167f1       0x16 Core/Src/main.o
 .debug_macro   0x0000000000016807      0x145 Core/Src/main.o
 .debug_macro   0x000000000001694c       0x10 Core/Src/main.o
 .debug_macro   0x000000000001695c       0xac Core/Src/main.o
 .debug_macro   0x0000000000016a08      0x2fe Core/Src/midi.o
 .debug_macro   0x0000000000016d06       0x4c Core/Src/midi.o
 .debug_macro   0x0000000000016d52       0x94 Core/Src/midi.o
 .debug_macro   0x0000000000016de6       0x57 Core/Src/midi.o
 .debug_macro   0x0000000000016e3d      0x339 Core/Src/midi.o
 .debug_macro   0x0000000000017176       0xd9 Core/Src/midi.o
 .debug_macro   0x000000000001724f       0x56 Core/Src/midi.o
 .debug_macro   0x00000000000172a5       0xa6 Core/Src/midi.o
 .debug_macro   0x000000000001734b      0x21e Core/Src/stm32f4xx_hal_msp.o
 .debug_macro   0x0000000000017569      0x23a Core/Src/stm32f4xx_it.o
 .debug_macro   0x00000000000177a3       0xff Core/Src/sysmem.o
 .debug_macro   0x00000000000178a2      0x23b Core/Src/sysmem.o
 .debug_macro   0x0000000000017add      0x20f Core/Src/system_stm32f4xx.o
 .debug_macro   0x0000000000017cec      0x2dc Core/Src/tm_stm32_hd44780.o
 .debug_macro   0x0000000000017fc8       0xfa Core/Src/tm_stm32_hd44780.o
 .debug_macro   0x00000000000180c2      0x282 Core/Src/tm_stm32f4_keypad.o
 .debug_macro   0x0000000000018344       0x11 Core/Src/tm_stm32f4_keypad.o
 .debug_macro   0x0000000000018355      0x26f Drivers/STM32F4xx_HAL_Driver/Src/stm32f4xx_hal.o
 .debug_macro   0x00000000000185c4      0x210 Drivers/STM32F4xx_HAL_Driver/Src/stm32f4xx_hal_adc.o
 .debug_macro   0x00000000000187d4      0x20f Drivers/STM32F4xx_HAL_Driver/Src/stm32f4xx_hal_cortex.o
 .debug_macro   0x00000000000189e3      0x215 Drivers/STM32F4xx_HAL_Driver/Src/stm32f4xx_hal_dma.o
 .debug_macro   0x0000000000018bf8      0x215 Drivers/STM32F4xx_HAL_Driver/Src/stm32f4xx_hal_gpio.o
 .debug_macro   0x0000000000018e0d      0x256 Drivers/STM32F4xx_HAL_Driver/Src/stm32f4xx_hal_i2c.o
 .debug_macro   0x0000000000019063      0x233 Drivers/STM32F4xx_HAL_Driver/Src/stm32f4xx_hal_rcc.o
 .debug_macro   0x0000000000019296      0x210 Drivers/STM32F4xx_HAL_Driver/Src/stm32f4xx_hal_tim.o
 .debug_macro   0x00000000000194a6      0x20f Drivers/STM32F4xx_HAL_Driver/Src/stm32f4xx_hal_tim_ex.o
 .debug_macro   0x00000000000196b5      0x210 Drivers/STM32F4xx_HAL_Driver/Src/stm32f4xx_hal_uart.o

.debug_line     0x0000000000000000    0x15cd2
 .debug_line    0x0000000000000000      0xe32 Core/Src/UartRingbuffer.o
 .debug_line    0x0000000000000e32      0x826 Core/Src/ee24.o
 .debug_line    0x0000000000001658      0x9c2 Core/Src/input.o
 .debug_line    0x000000000000201a      0xcb1 Core/Src/main.o
 .debug_line    0x0000000000002ccb      0xacf Core/Src/midi.o
 .debug_line    0x000000000000379a      0x903 Core/Src/stm32f4xx_hal_msp.o
 .debug_line    0x000000000000409d      0x85d Core/Src/stm32f4xx_it.o
 .debug_line    0x00000000000048fa      0x4f8 Core/Src/sysmem.o
 .debug_line    0x0000000000004df2      0x7c0 Core/Src/system_stm32f4xx.o
 .debug_line    0x00000000000055b2      0xa46 Core/Src/tm_stm32_hd44780.o
 .debug_line    0x0000000000005ff8      0x88f Core/Src/tm_stm32f4_keypad.o
 .debug_line    0x0000000000006887       0x88 Core/Startup/startup_stm32f401ccux.o
 .debug_line    0x000000000000690f      0xa26 Drivers/STM32F4xx_HAL_Driver/Src/stm32f4xx_hal.o
 .debug_line    0x0000000000007335     0x11e4 Drivers/STM32F4xx_HAL_Driver/Src/stm32f4xx_hal_adc.o
 .debug_line    0x0000000000008519      0xcd5 Drivers/STM32F4xx_HAL_Driver/Src/stm32f4xx_hal_cortex.o
 .debug_line    0x00000000000091ee      0xf8f Drivers/STM32F4xx_HAL_Driver/Src/stm32f4xx_hal_dma.o
 .debug_line    0x000000000000a17d      0xb62 Drivers/STM32F4xx_HAL_Driver/Src/stm32f4xx_hal_gpio.o
 .debug_line    0x000000000000acdf     0x39ad Drivers/STM32F4xx_HAL_Driver/Src/stm32f4xx_hal_i2c.o
 .debug_line    0x000000000000e68c      0xda0 Drivers/STM32F4xx_HAL_Driver/Src/stm32f4xx_hal_rcc.o
 .debug_line    0x000000000000f42c     0x342c Drivers/STM32F4xx_HAL_Driver/Src/stm32f4xx_hal_tim.o
 .debug_line    0x0000000000012858     0x198e Drivers/STM32F4xx_HAL_Driver/Src/stm32f4xx_hal_tim_ex.o
 .debug_line    0x00000000000141e6     0x1aec Drivers/STM32F4xx_HAL_Driver/Src/stm32f4xx_hal_uart.o

.debug_str      0x0000000000000000    0x9d01c
 .debug_str     0x0000000000000000    0x95d39 Core/Src/UartRingbuffer.o
                                      0x960d6 (size before relaxing)
 .debug_str     0x0000000000095d39      0x7d0 Core/Src/ee24.o
                                      0x932b6 (size before relaxing)
 .debug_str     0x0000000000096509      0x53f Core/Src/input.o
                                      0x966f3 (size before relaxing)
 .debug_str     0x0000000000096a48     0x1873 Core/Src/main.o
                                      0x9839c (size before relaxing)
 .debug_str     0x00000000000982bb      0x177 Core/Src/midi.o
                                      0x96232 (size before relaxing)
 .debug_str     0x0000000000098432      0x4a9 Core/Src/stm32f4xx_hal_msp.o
                                      0x93dd8 (size before relaxing)
 .debug_str     0x00000000000988db       0xdf Core/Src/stm32f4xx_it.o
                                      0x934c8 (size before relaxing)
 .debug_str     0x00000000000989ba      0x4e9 Core/Src/sysmem.o
                                       0x62ab (size before relaxing)
 .debug_str     0x0000000000098ea3       0xaf Core/Src/system_stm32f4xx.o
                                      0x929f4 (size before relaxing)
 .debug_str     0x0000000000098f52      0x643 Core/Src/tm_stm32_hd44780.o
                                      0x933e7 (size before relaxing)
 .debug_str     0x0000000000099595      0x5b1 Core/Src/tm_stm32f4_keypad.o
                                      0x93637 (size before relaxing)
 .debug_str     0x0000000000099b46       0x36 Core/Startup/startup_stm32f401ccux.o
                                         0x7c (size before relaxing)
 .debug_str     0x0000000000099b7c      0x588 Drivers/STM32F4xx_HAL_Driver/Src/stm32f4xx_hal.o
                                      0x93374 (size before relaxing)
 .debug_str     0x000000000009a104      0x29d Drivers/STM32F4xx_HAL_Driver/Src/stm32f4xx_hal_adc.o
                                      0x92f8e (size before relaxing)
 .debug_str     0x000000000009a3a1      0x392 Drivers/STM32F4xx_HAL_Driver/Src/stm32f4xx_hal_cortex.o
                                      0x93151 (size before relaxing)
 .debug_str     0x000000000009a733      0x315 Drivers/STM32F4xx_HAL_Driver/Src/stm32f4xx_hal_dma.o
                                      0x92e0c (size before relaxing)
 .debug_str     0x000000000009aa48      0x15a Drivers/STM32F4xx_HAL_Driver/Src/stm32f4xx_hal_gpio.o
                                      0x92b9b (size before relaxing)
 .debug_str     0x000000000009aba2      0xaae Drivers/STM32F4xx_HAL_Driver/Src/stm32f4xx_hal_i2c.o
                                      0x93969 (size before relaxing)
 .debug_str     0x000000000009b650      0x24e Drivers/STM32F4xx_HAL_Driver/Src/stm32f4xx_hal_rcc.o
                                      0x92df6 (size before relaxing)
 .debug_str     0x000000000009b89e      0xcc2 Drivers/STM32F4xx_HAL_Driver/Src/stm32f4xx_hal_tim.o
                                      0x93d0a (size before relaxing)
 .debug_str     0x000000000009c560      0x4ee Drivers/STM32F4xx_HAL_Driver/Src/stm32f4xx_hal_tim_ex.o
                                      0x934bb (size before relaxing)
 .debug_str     0x000000000009ca4e      0x5ce Drivers/STM32F4xx_HAL_Driver/Src/stm32f4xx_hal_uart.o
                                      0x93346 (size before relaxing)

.comment        0x0000000000000000       0x53
 .comment       0x0000000000000000       0x53 Core/Src/UartRingbuffer.o
                                         0x54 (size before relaxing)
 .comment       0x0000000000000053       0x54 Core/Src/ee24.o
 .comment       0x0000000000000053       0x54 Core/Src/input.o
 .comment       0x0000000000000053       0x54 Core/Src/main.o
 .comment       0x0000000000000053       0x54 Core/Src/midi.o
 .comment       0x0000000000000053       0x54 Core/Src/stm32f4xx_hal_msp.o
 .comment       0x0000000000000053       0x54 Core/Src/stm32f4xx_it.o
 .comment       0x0000000000000053       0x54 Core/Src/sysmem.o
 .comment       0x0000000000000053       0x54 Core/Src/system_stm32f4xx.o
 .comment       0x0000000000000053       0x54 Core/Src/tm_stm32_hd44780.o
 .comment       0x0000000000000053       0x54 Core/Src/tm_stm32f4_keypad.o
 .comment       0x0000000000000053       0x54 Drivers/STM32F4xx_HAL_Driver/Src/stm32f4xx_hal.o
 .comment       0x0000000000000053       0x54 Drivers/STM32F4xx_HAL_Driver/Src/stm32f4xx_hal_adc.o
 .comment       0x0000000000000053       0x54 Drivers/STM32F4xx_HAL_Driver/Src/stm32f4xx_hal_cortex.o
 .comment       0x0000000000000053       0x54 Drivers/STM32F4xx_HAL_Driver/Src/stm32f4xx_hal_dma.o
 .comment       0x0000000000000053       0x54 Drivers/STM32F4xx_HAL_Driver/Src/stm32f4xx_hal_gpio.o
 .comment       0x0000000000000053       0x54 Drivers/STM32F4xx_HAL_Driver/Src/stm32f4xx_hal_i2c.o
 .comment       0x0000000000000053       0x54 Drivers/STM32F4xx_HAL_Driver/Src/stm32f4xx_hal_rcc.o
 .comment       0x0000000000000053       0x54 Drivers/STM32F4xx_HAL_Driver/Src/stm32f4xx_hal_tim.o
 .comment       0x0000000000000053       0x54 Drivers/STM32F4xx_HAL_Driver/Src/stm32f4xx_hal_tim_ex.o
 .comment       0x0000000000000053       0x54 Drivers/STM32F4xx_HAL_Driver/Src/stm32f4xx_hal_uart.o

.debug_frame    0x0000000000000000     0x5154
 .debug_frame   0x0000000000000000      0x200 Core/Src/UartRingbuffer.o
 .debug_frame   0x0000000000000200       0xa0 Core/Src/ee24.o
 .debug_frame   0x00000000000002a0       0xa0 Core/Src/input.o
 .debug_frame   0x0000000000000340      0x15c Core/Src/main.o
 .debug_frame   0x000000000000049c      0x1f4 Core/Src/midi.o
 .debug_frame   0x0000000000000690      0x1c0 Core/Src/stm32f4xx_hal_msp.o
 .debug_frame   0x0000000000000850      0x13c Core/Src/stm32f4xx_it.o
 .debug_frame   0x000000000000098c       0x34 Core/Src/sysmem.o
 .debug_frame   0x00000000000009c0       0x58 Core/Src/system_stm32f4xx.o
 .debug_frame   0x0000000000000a18      0x290 Core/Src/tm_stm32_hd44780.o
 .debug_frame   0x0000000000000ca8      0x104 Core/Src/tm_stm32f4_keypad.o
 .debug_frame   0x0000000000000dac      0x374 Drivers/STM32F4xx_HAL_Driver/Src/stm32f4xx_hal.o
 .debug_frame   0x0000000000001120      0x3fc Drivers/STM32F4xx_HAL_Driver/Src/stm32f4xx_hal_adc.o
 .debug_frame   0x000000000000151c      0x498 Drivers/STM32F4xx_HAL_Driver/Src/stm32f4xx_hal_cortex.o
 .debug_frame   0x00000000000019b4      0x250 Drivers/STM32F4xx_HAL_Driver/Src/stm32f4xx_hal_dma.o
 .debug_frame   0x0000000000001c04      0x14c Drivers/STM32F4xx_HAL_Driver/Src/stm32f4xx_hal_gpio.o
 .debug_frame   0x0000000000001d50      0xc5c Drivers/STM32F4xx_HAL_Driver/Src/stm32f4xx_hal_i2c.o
 .debug_frame   0x00000000000029ac      0x1ec Drivers/STM32F4xx_HAL_Driver/Src/stm32f4xx_hal_rcc.o
 .debug_frame   0x0000000000002b98     0x11bc Drivers/STM32F4xx_HAL_Driver/Src/stm32f4xx_hal_tim.o
 .debug_frame   0x0000000000003d54      0x638 Drivers/STM32F4xx_HAL_Driver/Src/stm32f4xx_hal_tim_ex.o
 .debug_frame   0x000000000000438c      0x924 Drivers/STM32F4xx_HAL_Driver/Src/stm32f4xx_hal_uart.o
 .debug_frame   0x0000000000004cb0       0x20 d:/st/stm32cubeide_1.5.1/stm32cubeide/plugins/com.st.stm32cube.ide.mcu.externaltools.gnu-tools-for-stm32.9-2020-q2-update.win32_1.5.0.202011040924/tools/bin/../lib/gcc/arm-none-eabi/9.3.1/../../../../arm-none-eabi/lib/thumb/v7e-m+fp/hard\libc_nano.a(lib_a-errno.o)
 .debug_frame   0x0000000000004cd0       0x2c d:/st/stm32cubeide_1.5.1/stm32cubeide/plugins/com.st.stm32cube.ide.mcu.externaltools.gnu-tools-for-stm32.9-2020-q2-update.win32_1.5.0.202011040924/tools/bin/../lib/gcc/arm-none-eabi/9.3.1/../../../../arm-none-eabi/lib/thumb/v7e-m+fp/hard\libc_nano.a(lib_a-init.o)
 .debug_frame   0x0000000000004cfc       0x20 d:/st/stm32cubeide_1.5.1/stm32cubeide/plugins/com.st.stm32cube.ide.mcu.externaltools.gnu-tools-for-stm32.9-2020-q2-update.win32_1.5.0.202011040924/tools/bin/../lib/gcc/arm-none-eabi/9.3.1/../../../../arm-none-eabi/lib/thumb/v7e-m+fp/hard\libc_nano.a(lib_a-memset.o)
 .debug_frame   0x0000000000004d1c       0x6c d:/st/stm32cubeide_1.5.1/stm32cubeide/plugins/com.st.stm32cube.ide.mcu.externaltools.gnu-tools-for-stm32.9-2020-q2-update.win32_1.5.0.202011040924/tools/bin/../lib/gcc/arm-none-eabi/9.3.1/../../../../arm-none-eabi/lib/thumb/v7e-m+fp/hard\libc_nano.a(lib_a-sprintf.o)
 .debug_frame   0x0000000000004d88       0x90 d:/st/stm32cubeide_1.5.1/stm32cubeide/plugins/com.st.stm32cube.ide.mcu.externaltools.gnu-tools-for-stm32.9-2020-q2-update.win32_1.5.0.202011040924/tools/bin/../lib/gcc/arm-none-eabi/9.3.1/../../../../arm-none-eabi/lib/thumb/v7e-m+fp/hard\libc_nano.a(lib_a-nano-svfprintf.o)
 .debug_frame   0x0000000000004e18       0x60 d:/st/stm32cubeide_1.5.1/stm32cubeide/plugins/com.st.stm32cube.ide.mcu.externaltools.gnu-tools-for-stm32.9-2020-q2-update.win32_1.5.0.202011040924/tools/bin/../lib/gcc/arm-none-eabi/9.3.1/../../../../arm-none-eabi/lib/thumb/v7e-m+fp/hard\libc_nano.a(lib_a-nano-vfprintf_i.o)