tm_stm32_hd44780.c:98:6:ShortDelayUS	16	static
tm_stm32_hd44780.c:103:22:DelayUS	24	static
tm_stm32_hd44780.c:122:6:TM_HD44780_Init	16	static
tm_stm32_hd44780.c:179:6:TM_HD44780_Clear	8	static
tm_stm32_hd44780.c:184:6:TM_HD44780_Puts	16	static
tm_stm32_hd44780.c:205:6:TM_HD44780_DisplayOn	8	static
tm_stm32_hd44780.c:210:6:TM_HD44780_DisplayOff	8	static
tm_stm32_hd44780.c:215:6:TM_HD44780_BlinkOn	8	static
tm_stm32_hd44780.c:220:6:TM_HD44780_BlinkOff	8	static
tm_stm32_hd44780.c:225:6:TM_HD44780_CursorOn	8	static
tm_stm32_hd44780.c:230:6:TM_HD44780_CursorOff	8	static
tm_stm32_hd44780.c:235:6:TM_HD44780_ScrollLeft	8	static
tm_stm32_hd44780.c:239:6:TM_HD44780_ScrollRight	8	static
tm_stm32_hd44780.c:243:6:TM_HD44780_CreateChar	24	static
tm_stm32_hd44780.c:254:6:TM_HD44780_PutCustom	16	static
tm_stm32_hd44780.c:260:13:TM_HD44780_Cmd	16	static
tm_stm32_hd44780.c:270:13:TM_HD44780_Data	16	static
tm_stm32_hd44780.c:280:13:TM_HD44780_Cmd4bit	16	static
tm_stm32_hd44780.c:290:13:TM_HD44780_CursorSet	24	static
tm_stm32_hd44780.c:306:13:TM_HD44780_InitPins	8	static
